[36mvite v6.4.1 [32mbuilding for production...[36m[39m
transforming...
[32mÔ£ô[39m 2481 modules transformed.
rendering chunks...
computing gzip size...
[2mdist/[22m[32mregisterSW.js                               [39m[1m[2m    0.13 kB[22m[1m[22m
[2mdist/[22m[32mmanifest.webmanifest                        [39m[1m[2m    0.38 kB[22m[1m[22m
[2mdist/[22m[32mindex.html                                  [39m[1m[2m   10.50 kB[22m[1m[22m[2m Ôöé gzip:   1.69 kB[22m
[2mdist/[22m[32massets/apple-splash-1136-640-Yr5pXEQ2.jpg   [39m[1m[2m   18.19 kB[22m[1m[22m
[2mdist/[22m[32massets/apple-splash-640-1136-B0EHFkhA.jpg   [39m[1m[2m   21.44 kB[22m[1m[22m
[2mdist/[22m[32massets/apple-splash-1334-750-Bs8hVEy9.jpg   [39m[1m[2m   22.93 kB[22m[1m[22m
[2mdist/[22m[32massets/apple-splash-750-1334-Beqo27G7.jpg   [39m[1m[2m   28.09 kB[22m[1m[22m
[2mdist/[22m[32massets/apple-splash-2208-1242-DpmrIEiv.jpg  [39m[1m[2m   46.37 kB[22m[1m[22m
[2mdist/[22m[36massets/purify.es-C_uT9hQ1.js                [39m[1m[2m   21.98 kB[22m[1m[22m[2m Ôöé gzip:   8.74 kB[22m
[2mdist/[22m[36massets/index.es-BJKfhY6T.js                 [39m[1m[2m  159.35 kB[22m[1m[22m[2m Ôöé gzip:  53.40 kB[22m
[2mdist/[22m[36massets/index-DD-SMoXX.js                    [39m[1m[33m2,367.25 kB[39m[22m[2m Ôöé gzip: 612.34 kB[22m
node.exe : [33m
No linha:1 
caractere:1
+ & "C:\Program File
s\nodejs/node.exe" 
"C:\Program Files\no
dejs/node_mo ...
+ ~~~~~~~~~~~~~~~~~~
~~~~~~~~~~~~~~~~~~~~
~~~~~~~~~~~~~~~~~~~~
~~~~~~~~~~~
    + CategoryInfo  
            : NotS  
  pecified: ([33   
 m:String) [], R    
emoteException
    + FullyQualifie 
   dErrorId : Nati  
  veCommandError
 
(!) Some chunks are 
larger than 2000 kB 
after minification. 
Consider:
- Using dynamic 
import() to 
code-split the 
application
- Use build.rollupOp
tions.output.manualC
hunks to improve 
chunking: https://ro
llupjs.org/configura
tion-options/#output
-manualchunks
- Adjust chunk size 
limit for this 
warning via build.ch
unkSizeWarningLimit.
[39m
[32mÔ£ô built in 23.32s[39m
[31merror during 
build:
Error: 
  Configure "workbox
.maximumFileSizeToCa
cheInBytes" to 
change the limit: 
the default value 
is 2 MiB.
  Check https://vite
-pwa-org.netlify.app
/guide/faq.html#miss
ing-assets-from-sw-p
recache-manifest 
for more 
information.
  Assets exceeding 
the limit:
  - assets/index-DD-
SMoXX.js is 2.37 
MB, and won't be 
precached.

    at 
logWorkboxResult (fi
le:///C:/Users/Prisc
ila/.gemini/antigrav
ity/scratch/frigoges
t-2026/node_modules/
vite-plugin-pwa/dist
/chunk-G4TAN34B.js:4
4:13)
    at generateServi
ceWorker (file:///C:
/Users/Priscila/.gem
ini/antigravity/scra
tch/frigogest-2026/n
ode_modules/vite-plu
gin-pwa/dist/index.j
s:209:3)
    at async 
_generateSW (file://
/C:/Users/Priscila/.
gemini/antigravity/s
cratch/frigogest-202
6/node_modules/vite-
plugin-pwa/dist/inde
x.js:234:5)
    at async 
Object.handler (file
:///C:/Users/Priscil
a/.gemini/antigravit
y/scratch/frigogest-
2026/node_modules/vi
te-plugin-pwa/dist/i
ndex.js:418:13)
    at async PluginD
river.hookParallel (
file:///C:/Users/Pri
scila/.gemini/antigr
avity/scratch/frigog
est-2026/node_module
s/rollup/dist/es/sha
red/node-entry.js:22
475:17)
    at async 
Object.close (file:/
//C:/Users/Priscila/
.gemini/antigravity/
scratch/frigogest-20
26/node_modules/roll
up/dist/es/shared/no
de-entry.js:23494:13
)
    at async 
buildEnvironment (fi
le:///C:/Users/Prisc
ila/.gemini/antigrav
ity/scratch/frigoges
t-2026/node_modules/
vite/dist/node/chunk
s/dep-D4NMHUTW.js:46
258:17)
    at async Object.
defaultBuildApp [as 
buildApp] (file:///C
:/Users/Priscila/.ge
mini/antigravity/scr
atch/frigogest-2026/
node_modules/vite/di
st/node/chunks/dep-D
4NMHUTW.js:46713:5)
    at async 
CAC.<anonymous> (fil
e:///C:/Users/Prisci
la/.gemini/antigravi
ty/scratch/frigogest
-2026/node_modules/v
ite/dist/node/cli.js
:863:7)[39m
