App.tsx(2,1): error TS1127: Invalid character.
App.tsx(2,2): error TS1435: Unknown keyword or identifier. Did you mean 'import'?
App.tsx(2,10): error TS1434: Unexpected keyword or identifier.
App.tsx(2,18): error TS1434: Unexpected keyword or identifier.
App.tsx(3,1): error TS1127: Invalid character.
App.tsx(3,2): error TS1435: Unknown keyword or identifier. Did you mean 'import'?
App.tsx(3,10): error TS1434: Unexpected keyword or identifier.
App.tsx(3,20): error TS1434: Unexpected keyword or identifier.
App.tsx(4,1): error TS1127: Invalid character.
App.tsx(4,2): error TS1435: Unknown keyword or identifier. Did you mean 'import'?
App.tsx(4,10): error TS1434: Unexpected keyword or identifier.
App.tsx(4,18): error TS1434: Unexpected keyword or identifier.
App.tsx(5,1): error TS1127: Invalid character.
App.tsx(5,2): error TS1435: Unknown keyword or identifier. Did you mean 'import'?
App.tsx(5,10): error TS1434: Unexpected keyword or identifier.
App.tsx(5,18): error TS1434: Unexpected keyword or identifier.
App.tsx(6,1): error TS1127: Invalid character.
App.tsx(6,2): error TS1435: Unknown keyword or identifier. Did you mean 'import'?
App.tsx(6,10): error TS1434: Unexpected keyword or identifier.
App.tsx(6,21): error TS1434: Unexpected keyword or identifier.
App.tsx(7,1): error TS1127: Invalid character.
App.tsx(7,2): error TS1435: Unknown keyword or identifier. Did you mean 'import'?
App.tsx(7,10): error TS1434: Unexpected keyword or identifier.
App.tsx(7,16): error TS1434: Unexpected keyword or identifier.
App.tsx(8,1): error TS1127: Invalid character.
App.tsx(8,2): error TS1435: Unknown keyword or identifier. Did you mean 'import'?
App.tsx(8,10): error TS1434: Unexpected keyword or identifier.
App.tsx(8,21): error TS1434: Unexpected keyword or identifier.
App.tsx(9,1): error TS1127: Invalid character.
App.tsx(9,2): error TS1435: Unknown keyword or identifier. Did you mean 'import'?
App.tsx(9,10): error TS1434: Unexpected keyword or identifier.
App.tsx(9,20): error TS1434: Unexpected keyword or identifier.
App.tsx(10,1): error TS1127: Invalid character.
App.tsx(10,2): error TS1435: Unknown keyword or identifier. Did you mean 'import'?
App.tsx(10,10): error TS1434: Unexpected keyword or identifier.
App.tsx(10,23): error TS1434: Unexpected keyword or identifier.
App.tsx(11,1): error TS1127: Invalid character.
App.tsx(12,1): error TS1127: Invalid character.
App.tsx(12,2): error TS1435: Unknown keyword or identifier. Did you mean 'import'?
App.tsx(12,10): error TS1434: Unexpected keyword or identifier.
App.tsx(12,26): error TS1434: Unexpected keyword or identifier.
App.tsx(13,1): error TS1127: Invalid character.
App.tsx(13,2): error TS1435: Unknown keyword or identifier. Did you mean 'import'?
App.tsx(13,10): error TS1434: Unexpected keyword or identifier.
App.tsx(13,16): error TS1434: Unexpected keyword or identifier.
App.tsx(14,1): error TS1127: Invalid character.
App.tsx(14,2): error TS1435: Unknown keyword or identifier. Did you mean 'import'?
App.tsx(14,10): error TS1434: Unexpected keyword or identifier.
App.tsx(14,22): error TS1434: Unexpected keyword or identifier.
App.tsx(15,1): error TS1127: Invalid character.
App.tsx(15,2): error TS1435: Unknown keyword or identifier. Did you mean 'import'?
App.tsx(15,10): error TS1434: Unexpected keyword or identifier.
App.tsx(15,20): error TS1434: Unexpected keyword or identifier.
App.tsx(16,1): error TS1127: Invalid character.
App.tsx(16,2): error TS1435: Unknown keyword or identifier. Did you mean 'import'?
App.tsx(16,115): error TS1434: Unexpected keyword or identifier.
App.tsx(17,1): error TS1127: Invalid character.
App.tsx(17,2): error TS1435: Unknown keyword or identifier. Did you mean 'import'?
App.tsx(17,62): error TS1434: Unexpected keyword or identifier.
App.tsx(18,1): error TS1127: Invalid character.
App.tsx(18,2): error TS1435: Unknown keyword or identifier. Did you mean 'import'?
App.tsx(18,23): error TS1434: Unexpected keyword or identifier.
App.tsx(19,1): error TS1127: Invalid character.
App.tsx(19,2): error TS1435: Unknown keyword or identifier. Did you mean 'import'?
App.tsx(19,73): error TS1434: Unexpected keyword or identifier.
App.tsx(20,1): error TS1127: Invalid character.
App.tsx(20,2): error TS1435: Unknown keyword or identifier. Did you mean 'import'?
App.tsx(20,24): error TS1434: Unexpected keyword or identifier.
App.tsx(21,1): error TS1127: Invalid character.
App.tsx(21,2): error TS1435: Unknown keyword or identifier. Did you mean 'import'?
App.tsx(21,69): error TS1434: Unexpected keyword or identifier.
App.tsx(22,1): error TS1127: Invalid character.
App.tsx(22,2): error TS1435: Unknown keyword or identifier. Did you mean 'import'?
App.tsx(22,22): error TS1434: Unexpected keyword or identifier.
App.tsx(23,1): error TS1127: Invalid character.
App.tsx(23,2): error TS1435: Unknown keyword or identifier. Did you mean 'import'?
App.tsx(23,10): error TS1434: Unexpected keyword or identifier.
App.tsx(23,29): error TS1434: Unexpected keyword or identifier.
App.tsx(24,1): error TS1127: Invalid character.
App.tsx(24,2): error TS1435: Unknown keyword or identifier. Did you mean 'import'?
App.tsx(24,10): error TS1434: Unexpected keyword or identifier.
App.tsx(24,24): error TS1434: Unexpected keyword or identifier.
App.tsx(25,1): error TS1127: Invalid character.
App.tsx(25,2): error TS1435: Unknown keyword or identifier. Did you mean 'import'?
App.tsx(25,10): error TS1434: Unexpected keyword or identifier.
App.tsx(25,21): error TS1434: Unexpected keyword or identifier.
App.tsx(26,1): error TS1127: Invalid character.
App.tsx(26,2): error TS1435: Unknown keyword or identifier. Did you mean 'import'?
App.tsx(26,10): error TS1434: Unexpected keyword or identifier.
App.tsx(26,23): error TS1434: Unexpected keyword or identifier.
App.tsx(27,1): error TS1127: Invalid character.
App.tsx(27,2): error TS1435: Unknown keyword or identifier. Did you mean 'import'?
App.tsx(27,10): error TS1434: Unexpected keyword or identifier.
App.tsx(27,19): error TS1434: Unexpected keyword or identifier.
App.tsx(28,1): error TS1127: Invalid character.
App.tsx(28,2): error TS1435: Unknown keyword or identifier. Did you mean 'import'?
App.tsx(28,10): error TS1434: Unexpected keyword or identifier.
App.tsx(28,32): error TS1434: Unexpected keyword or identifier.
App.tsx(29,1): error TS1127: Invalid character.
App.tsx(29,2): error TS1435: Unknown keyword or identifier. Did you mean 'import'?
App.tsx(29,28): error TS1434: Unexpected keyword or identifier.
App.tsx(30,1): error TS1127: Invalid character.
App.tsx(30,2): error TS1435: Unknown keyword or identifier. Did you mean 'import'?
App.tsx(30,10): error TS1434: Unexpected keyword or identifier.
App.tsx(30,17): error TS1434: Unexpected keyword or identifier.
App.tsx(31,1): error TS1127: Invalid character.
App.tsx(31,2): error TS1435: Unknown keyword or identifier. Did you mean 'import'?
App.tsx(31,10): error TS1434: Unexpected keyword or identifier.
App.tsx(31,24): error TS1434: Unexpected keyword or identifier.
App.tsx(32,1): error TS1127: Invalid character.
App.tsx(32,2): error TS1435: Unknown keyword or identifier. Did you mean 'import'?
App.tsx(32,10): error TS1434: Unexpected keyword or identifier.
App.tsx(32,22): error TS1434: Unexpected keyword or identifier.
App.tsx(33,1): error TS1127: Invalid character.
App.tsx(33,2): error TS1435: Unknown keyword or identifier. Did you mean 'import'?
App.tsx(33,10): error TS1434: Unexpected keyword or identifier.
App.tsx(33,23): error TS1434: Unexpected keyword or identifier.
App.tsx(34,1): error TS1127: Invalid character.
App.tsx(34,2): error TS1435: Unknown keyword or identifier. Did you mean 'import'?
App.tsx(34,10): error TS1434: Unexpected keyword or identifier.
App.tsx(34,26): error TS1434: Unexpected keyword or identifier.
App.tsx(35,1): error TS1127: Invalid character.
App.tsx(35,2): error TS1435: Unknown keyword or identifier. Did you mean 'import'?
App.tsx(35,10): error TS1434: Unexpected keyword or identifier.
App.tsx(35,24): error TS1434: Unexpected keyword or identifier.
App.tsx(36,1): error TS1127: Invalid character.
App.tsx(36,2): error TS1435: Unknown keyword or identifier. Did you mean 'import'?
App.tsx(36,10): error TS1434: Unexpected keyword or identifier.
App.tsx(36,22): error TS1434: Unexpected keyword or identifier.
App.tsx(37,1): error TS1127: Invalid character.
App.tsx(37,2): error TS1435: Unknown keyword or identifier. Did you mean 'import'?
App.tsx(37,10): error TS1434: Unexpected keyword or identifier.
App.tsx(37,28): error TS1434: Unexpected keyword or identifier.
App.tsx(38,1): error TS1127: Invalid character.
App.tsx(38,2): error TS1435: Unknown keyword or identifier. Did you mean 'import'?
App.tsx(38,35): error TS1434: Unexpected keyword or identifier.
App.tsx(39,1): error TS1127: Invalid character.
App.tsx(39,2): error TS1435: Unknown keyword or identifier. Did you mean 'import'?
App.tsx(39,77): error TS1434: Unexpected keyword or identifier.
App.tsx(40,1): error TS1127: Invalid character.
App.tsx(40,2): error TS1435: Unknown keyword or identifier. Did you mean 'import'?
App.tsx(40,24): error TS1434: Unexpected keyword or identifier.
App.tsx(41,1): error TS1127: Invalid character.
App.tsx(41,2): error TS1435: Unknown keyword or identifier. Did you mean 'import'?
App.tsx(41,31): error TS1434: Unexpected keyword or identifier.
App.tsx(42,1): error TS1127: Invalid character.
App.tsx(42,2): error TS1435: Unknown keyword or identifier. Did you mean 'import'?
App.tsx(42,98): error TS1434: Unexpected keyword or identifier.
App.tsx(43,1): error TS1127: Invalid character.
App.tsx(43,2): error TS1435: Unknown keyword or identifier. Did you mean 'import'?
App.tsx(43,52): error TS1434: Unexpected keyword or identifier.
App.tsx(44,1): error TS1127: Invalid character.
App.tsx(44,2): error TS1435: Unknown keyword or identifier. Did you mean 'import'?
App.tsx(44,25): error TS1434: Unexpected keyword or identifier.
App.tsx(45,1): error TS1127: Invalid character.
App.tsx(46,1): error TS1127: Invalid character.
App.tsx(47,1): error TS1127: Invalid character.
App.tsx(47,2): error TS1435: Unknown keyword or identifier. Did you mean 'const'?
App.tsx(48,1): error TS1127: Invalid character.
App.tsx(49,1): error TS1127: Invalid character.
App.tsx(49,2): error TS1434: Unexpected keyword or identifier.
App.tsx(50,1): error TS1127: Invalid character.
App.tsx(51,1): error TS1127: Invalid character.
App.tsx(51,2): error TS1434: Unexpected keyword or identifier.
App.tsx(52,1): error TS1127: Invalid character.
App.tsx(52,2): error TS1434: Unexpected keyword or identifier.
App.tsx(53,1): error TS1127: Invalid character.
App.tsx(53,2): error TS1434: Unexpected keyword or identifier.
App.tsx(54,1): error TS1127: Invalid character.
App.tsx(54,2): error TS1434: Unexpected keyword or identifier.
App.tsx(55,1): error TS1127: Invalid character.
App.tsx(55,2): error TS1434: Unexpected keyword or identifier.
App.tsx(56,1): error TS1127: Invalid character.
App.tsx(56,2): error TS1434: Unexpected keyword or identifier.
App.tsx(57,1): error TS1127: Invalid character.
App.tsx(57,2): error TS1434: Unexpected keyword or identifier.
App.tsx(58,1): error TS1127: Invalid character.
App.tsx(58,2): error TS1434: Unexpected keyword or identifier.
App.tsx(59,1): error TS1127: Invalid character.
App.tsx(59,2): error TS1434: Unexpected keyword or identifier.
App.tsx(60,1): error TS1127: Invalid character.
App.tsx(60,2): error TS1434: Unexpected keyword or identifier.
App.tsx(61,1): error TS1127: Invalid character.
App.tsx(61,2): error TS1434: Unexpected keyword or identifier.
App.tsx(62,1): error TS1127: Invalid character.
App.tsx(62,2): error TS1434: Unexpected keyword or identifier.
App.tsx(63,1): error TS1127: Invalid character.
App.tsx(64,1): error TS1127: Invalid character.
App.tsx(64,2): error TS1434: Unexpected keyword or identifier.
App.tsx(65,1): error TS1127: Invalid character.
App.tsx(65,2): error TS1434: Unexpected keyword or identifier.
App.tsx(66,1): error TS1127: Invalid character.
App.tsx(66,2): error TS1434: Unexpected keyword or identifier.
App.tsx(67,1): error TS1127: Invalid character.
App.tsx(67,2): error TS1434: Unexpected keyword or identifier.
App.tsx(68,1): error TS1127: Invalid character.
App.tsx(68,2): error TS1434: Unexpected keyword or identifier.
App.tsx(69,1): error TS1127: Invalid character.
App.tsx(69,2): error TS1434: Unexpected keyword or identifier.
App.tsx(70,1): error TS1127: Invalid character.
App.tsx(71,1): error TS1127: Invalid character.
App.tsx(72,1): error TS1127: Invalid character.
App.tsx(72,2): error TS1434: Unexpected keyword or identifier.
App.tsx(73,1): error TS1127: Invalid character.
App.tsx(74,1): error TS1127: Invalid character.
App.tsx(74,2): error TS1434: Unexpected keyword or identifier.
App.tsx(75,1): error TS1127: Invalid character.
App.tsx(75,2): error TS1434: Unexpected keyword or identifier.
App.tsx(76,1): error TS1127: Invalid character.
App.tsx(76,2): error TS1434: Unexpected keyword or identifier.
App.tsx(77,1): error TS1127: Invalid character.
App.tsx(77,2): error TS1434: Unexpected keyword or identifier.
App.tsx(78,1): error TS1127: Invalid character.
App.tsx(79,1): error TS1127: Invalid character.
App.tsx(80,1): error TS1127: Invalid character.
App.tsx(80,2): error TS1434: Unexpected keyword or identifier.
App.tsx(81,1): error TS1127: Invalid character.
App.tsx(81,2): error TS1434: Unexpected keyword or identifier.
App.tsx(82,1): error TS1127: Invalid character.
App.tsx(82,2): error TS1434: Unexpected keyword or identifier.
App.tsx(83,1): error TS1127: Invalid character.
App.tsx(83,2): error TS1434: Unexpected keyword or identifier.
App.tsx(84,1): error TS1127: Invalid character.
App.tsx(85,1): error TS1127: Invalid character.
App.tsx(86,1): error TS1127: Invalid character.
App.tsx(86,2): error TS1434: Unexpected keyword or identifier.
App.tsx(87,1): error TS1127: Invalid character.
App.tsx(87,2): error TS1434: Unexpected keyword or identifier.
App.tsx(88,1): error TS1127: Invalid character.
App.tsx(88,2): error TS1434: Unexpected keyword or identifier.
App.tsx(89,1): error TS1127: Invalid character.
App.tsx(90,1): error TS1127: Invalid character.
App.tsx(90,10): error TS1005: ';' expected.
App.tsx(91,1): error TS1127: Invalid character.
App.tsx(92,1): error TS1127: Invalid character.
App.tsx(92,2): error TS1434: Unexpected keyword or identifier.
App.tsx(93,1): error TS1127: Invalid character.
App.tsx(93,2): error TS1434: Unexpected keyword or identifier.
App.tsx(94,1): error TS1127: Invalid character.
App.tsx(95,1): error TS1127: Invalid character.
App.tsx(95,2): error TS1434: Unexpected keyword or identifier.
App.tsx(96,1): error TS1127: Invalid character.
App.tsx(97,1): error TS1127: Invalid character.
App.tsx(97,2): error TS1434: Unexpected keyword or identifier.
App.tsx(98,1): error TS1127: Invalid character.
App.tsx(98,2): error TS1434: Unexpected keyword or identifier.
App.tsx(99,1): error TS1127: Invalid character.
App.tsx(99,2): error TS1434: Unexpected keyword or identifier.
App.tsx(100,1): error TS1127: Invalid character.
App.tsx(100,2): error TS1434: Unexpected keyword or identifier.
App.tsx(101,1): error TS1127: Invalid character.
App.tsx(101,2): error TS1434: Unexpected keyword or identifier.
App.tsx(102,1): error TS1127: Invalid character.
App.tsx(102,2): error TS1434: Unexpected keyword or identifier.
App.tsx(103,1): error TS1127: Invalid character.
App.tsx(103,2): error TS1434: Unexpected keyword or identifier.
App.tsx(104,1): error TS1127: Invalid character.
App.tsx(104,2): error TS1434: Unexpected keyword or identifier.
App.tsx(105,1): error TS1127: Invalid character.
App.tsx(105,2): error TS1434: Unexpected keyword or identifier.
App.tsx(106,1): error TS1127: Invalid character.
App.tsx(106,2): error TS1434: Unexpected keyword or identifier.
App.tsx(107,1): error TS1127: Invalid character.
App.tsx(107,2): error TS1434: Unexpected keyword or identifier.
App.tsx(108,1): error TS1127: Invalid character.
App.tsx(108,2): error TS1434: Unexpected keyword or identifier.
App.tsx(108,9): error TS1128: Declaration or statement expected.
App.tsx(108,10): error TS1128: Declaration or statement expected.
App.tsx(109,1): error TS1127: Invalid character.
App.tsx(110,1): error TS1127: Invalid character.
App.tsx(110,2): error TS1434: Unexpected keyword or identifier.
App.tsx(111,1): error TS1127: Invalid character.
App.tsx(111,2): error TS1434: Unexpected keyword or identifier.
App.tsx(112,1): error TS1127: Invalid character.
App.tsx(112,2): error TS1434: Unexpected keyword or identifier.
App.tsx(113,1): error TS1127: Invalid character.
App.tsx(114,1): error TS1127: Invalid character.
App.tsx(115,1): error TS1127: Invalid character.
App.tsx(115,2): error TS1434: Unexpected keyword or identifier.
App.tsx(116,1): error TS1127: Invalid character.
App.tsx(117,1): error TS1127: Invalid character.
App.tsx(118,1): error TS1127: Invalid character.
App.tsx(118,2): error TS1434: Unexpected keyword or identifier.
App.tsx(119,1): error TS1127: Invalid character.
App.tsx(119,2): error TS1434: Unexpected keyword or identifier.
App.tsx(120,1): error TS1127: Invalid character.
App.tsx(120,2): error TS1434: Unexpected keyword or identifier.
App.tsx(121,1): error TS1127: Invalid character.
App.tsx(122,1): error TS1127: Invalid character.
App.tsx(122,2): error TS1434: Unexpected keyword or identifier.
App.tsx(123,1): error TS1127: Invalid character.
App.tsx(123,2): error TS1434: Unexpected keyword or identifier.
App.tsx(124,1): error TS1127: Invalid character.
App.tsx(125,1): error TS1127: Invalid character.
App.tsx(126,1): error TS1127: Invalid character.
App.tsx(127,1): error TS1127: Invalid character.
App.tsx(127,2): error TS1434: Unexpected keyword or identifier.
App.tsx(128,1): error TS1127: Invalid character.
App.tsx(128,2): error TS1434: Unexpected keyword or identifier.
App.tsx(129,1): error TS1127: Invalid character.
App.tsx(129,2): error TS1434: Unexpected keyword or identifier.
App.tsx(130,1): error TS1127: Invalid character.
App.tsx(130,2): error TS1434: Unexpected keyword or identifier.
App.tsx(131,1): error TS1127: Invalid character.
App.tsx(131,2): error TS1434: Unexpected keyword or identifier.
App.tsx(132,1): error TS1127: Invalid character.
App.tsx(132,2): error TS1434: Unexpected keyword or identifier.
App.tsx(133,1): error TS1127: Invalid character.
App.tsx(133,2): error TS1434: Unexpected keyword or identifier.
App.tsx(134,1): error TS1127: Invalid character.
App.tsx(134,2): error TS1434: Unexpected keyword or identifier.
App.tsx(135,1): error TS1127: Invalid character.
App.tsx(136,1): error TS1127: Invalid character.
App.tsx(136,2): error TS1434: Unexpected keyword or identifier.
App.tsx(137,1): error TS1127: Invalid character.
App.tsx(137,2): error TS1434: Unexpected keyword or identifier.
App.tsx(138,1): error TS1127: Invalid character.
App.tsx(138,2): error TS1434: Unexpected keyword or identifier.
App.tsx(138,11): error TS1128: Declaration or statement expected.
App.tsx(139,1): error TS1127: Invalid character.
App.tsx(139,2): error TS1434: Unexpected keyword or identifier.
App.tsx(140,1): error TS1127: Invalid character.
App.tsx(140,10): error TS1472: 'catch' or 'finally' expected.
App.tsx(140,11): error TS1128: Declaration or statement expected.
App.tsx(140,13): error TS1434: Unexpected keyword or identifier.
App.tsx(140,24): error TS1011: An element access expression should take an argument.
App.tsx(141,1): error TS1127: Invalid character.
App.tsx(142,1): error TS1127: Invalid character.
App.tsx(142,2): error TS1434: Unexpected keyword or identifier.
App.tsx(143,1): error TS1127: Invalid character.
App.tsx(143,2): error TS1434: Unexpected keyword or identifier.
App.tsx(144,1): error TS1127: Invalid character.
App.tsx(144,2): error TS1434: Unexpected keyword or identifier.
App.tsx(145,1): error TS1127: Invalid character.
App.tsx(145,2): error TS1434: Unexpected keyword or identifier.
App.tsx(146,1): error TS1127: Invalid character.
App.tsx(146,2): error TS1434: Unexpected keyword or identifier.
App.tsx(147,1): error TS1127: Invalid character.
App.tsx(147,2): error TS1434: Unexpected keyword or identifier.
App.tsx(148,1): error TS1127: Invalid character.
App.tsx(148,11): error TS1128: Declaration or statement expected.
App.tsx(148,12): error TS1128: Declaration or statement expected.
App.tsx(148,15): error TS1005: ';' expected.
App.tsx(149,1): error TS1127: Invalid character.
App.tsx(149,2): error TS1434: Unexpected keyword or identifier.
App.tsx(150,1): error TS1127: Invalid character.
App.tsx(150,9): error TS1128: Declaration or statement expected.
App.tsx(150,10): error TS1128: Declaration or statement expected.
App.tsx(151,1): error TS1127: Invalid character.
App.tsx(152,1): error TS1127: Invalid character.
App.tsx(152,2): error TS1434: Unexpected keyword or identifier.
App.tsx(153,1): error TS1127: Invalid character.
App.tsx(153,11): error TS1005: ',' expected.
App.tsx(154,1): error TS1127: Invalid character.
App.tsx(154,11): error TS1005: ',' expected.
App.tsx(155,1): error TS1127: Invalid character.
App.tsx(155,11): error TS1005: ',' expected.
App.tsx(156,1): error TS1127: Invalid character.
App.tsx(156,11): error TS1005: ',' expected.
App.tsx(157,1): error TS1127: Invalid character.
App.tsx(157,11): error TS1005: ',' expected.
App.tsx(158,1): error TS1127: Invalid character.
App.tsx(158,11): error TS1005: ',' expected.
App.tsx(159,1): error TS1127: Invalid character.
App.tsx(159,11): error TS1005: ',' expected.
App.tsx(160,1): error TS1127: Invalid character.
App.tsx(160,11): error TS1005: ',' expected.
App.tsx(161,1): error TS1127: Invalid character.
App.tsx(161,11): error TS1005: ',' expected.
App.tsx(162,1): error TS1127: Invalid character.
App.tsx(163,1): error TS1127: Invalid character.
App.tsx(164,1): error TS1127: Invalid character.
App.tsx(164,2): error TS1434: Unexpected keyword or identifier.
App.tsx(165,1): error TS1127: Invalid character.
App.tsx(166,1): error TS1127: Invalid character.
App.tsx(167,1): error TS1127: Invalid character.
App.tsx(168,1): error TS1127: Invalid character.
App.tsx(168,2): error TS1434: Unexpected keyword or identifier.
App.tsx(169,1): error TS1127: Invalid character.
App.tsx(169,2): error TS1434: Unexpected keyword or identifier.
App.tsx(170,1): error TS1127: Invalid character.
App.tsx(170,2): error TS1434: Unexpected keyword or identifier.
App.tsx(171,1): error TS1127: Invalid character.
App.tsx(171,2): error TS1434: Unexpected keyword or identifier.
App.tsx(172,1): error TS1127: Invalid character.
App.tsx(172,2): error TS1434: Unexpected keyword or identifier.
App.tsx(173,1): error TS1127: Invalid character.
App.tsx(173,2): error TS1434: Unexpected keyword or identifier.
App.tsx(174,1): error TS1127: Invalid character.
App.tsx(174,2): error TS1434: Unexpected keyword or identifier.
App.tsx(175,1): error TS1127: Invalid character.
App.tsx(175,12): error TS1472: 'catch' or 'finally' expected.
App.tsx(176,1): error TS1127: Invalid character.
App.tsx(176,2): error TS1434: Unexpected keyword or identifier.
App.tsx(177,1): error TS1127: Invalid character.
App.tsx(178,1): error TS1127: Invalid character.
App.tsx(179,1): error TS1127: Invalid character.
App.tsx(179,2): error TS1434: Unexpected keyword or identifier.
App.tsx(180,1): error TS1127: Invalid character.
App.tsx(180,2): error TS1434: Unexpected keyword or identifier.
App.tsx(181,1): error TS1127: Invalid character.
App.tsx(181,2): error TS1434: Unexpected keyword or identifier.
App.tsx(182,1): error TS1127: Invalid character.
App.tsx(182,2): error TS1434: Unexpected keyword or identifier.
App.tsx(183,1): error TS1127: Invalid character.
App.tsx(184,1): error TS1127: Invalid character.
App.tsx(185,1): error TS1127: Invalid character.
App.tsx(186,1): error TS1127: Invalid character.
App.tsx(186,2): error TS1434: Unexpected keyword or identifier.
App.tsx(187,1): error TS1127: Invalid character.
App.tsx(187,2): error TS1434: Unexpected keyword or identifier.
App.tsx(188,1): error TS1127: Invalid character.
App.tsx(189,1): error TS1127: Invalid character.
App.tsx(189,9): error TS1128: Declaration or statement expected.
App.tsx(189,11): error TS1005: 'try' expected.
App.tsx(190,1): error TS1127: Invalid character.
App.tsx(190,2): error TS1434: Unexpected keyword or identifier.
App.tsx(191,1): error TS1127: Invalid character.
App.tsx(192,1): error TS1127: Invalid character.
App.tsx(193,1): error TS1127: Invalid character.
App.tsx(194,1): error TS1127: Invalid character.
App.tsx(194,2): error TS1434: Unexpected keyword or identifier.
App.tsx(195,1): error TS1127: Invalid character.
App.tsx(196,1): error TS1127: Invalid character.
App.tsx(196,2): error TS1434: Unexpected keyword or identifier.
App.tsx(197,1): error TS1127: Invalid character.
App.tsx(197,2): error TS1434: Unexpected keyword or identifier.
App.tsx(198,1): error TS1127: Invalid character.
App.tsx(198,13): error TS1005: ',' expected.
App.tsx(199,1): error TS1127: Invalid character.
App.tsx(199,13): error TS1005: ',' expected.
App.tsx(200,1): error TS1127: Invalid character.
App.tsx(200,13): error TS1005: ',' expected.
App.tsx(201,1): error TS1127: Invalid character.
App.tsx(201,13): error TS1005: ',' expected.
App.tsx(202,1): error TS1127: Invalid character.
App.tsx(202,13): error TS1005: ',' expected.
App.tsx(203,1): error TS1127: Invalid character.
App.tsx(203,13): error TS1005: ',' expected.
App.tsx(204,1): error TS1127: Invalid character.
App.tsx(204,13): error TS1005: ',' expected.
App.tsx(205,1): error TS1127: Invalid character.
App.tsx(205,13): error TS1005: ',' expected.
App.tsx(206,1): error TS1127: Invalid character.
App.tsx(206,13): error TS1005: ',' expected.
App.tsx(207,1): error TS1127: Invalid character.
App.tsx(208,1): error TS1127: Invalid character.
App.tsx(208,2): error TS1434: Unexpected keyword or identifier.
App.tsx(209,1): error TS1127: Invalid character.
App.tsx(209,2): error TS1434: Unexpected keyword or identifier.
App.tsx(210,1): error TS1127: Invalid character.
App.tsx(211,1): error TS1127: Invalid character.
App.tsx(212,1): error TS1127: Invalid character.
App.tsx(212,7): error TS1128: Declaration or statement expected.
App.tsx(212,9): error TS1005: 'try' expected.
App.tsx(213,1): error TS1127: Invalid character.
App.tsx(213,2): error TS1434: Unexpected keyword or identifier.
App.tsx(214,1): error TS1127: Invalid character.
App.tsx(214,2): error TS1434: Unexpected keyword or identifier.
App.tsx(215,1): error TS1127: Invalid character.
App.tsx(216,1): error TS1127: Invalid character.
App.tsx(216,5): error TS1128: Declaration or statement expected.
App.tsx(216,6): error TS1128: Declaration or statement expected.
App.tsx(216,17): error TS1005: ';' expected.
App.tsx(217,1): error TS1127: Invalid character.
App.tsx(218,1): error TS1127: Invalid character.
App.tsx(218,2): error TS1434: Unexpected keyword or identifier.
App.tsx(219,1): error TS1127: Invalid character.
App.tsx(219,2): error TS1434: Unexpected keyword or identifier.
App.tsx(220,1): error TS1127: Invalid character.
App.tsx(220,2): error TS1434: Unexpected keyword or identifier.
App.tsx(221,1): error TS1127: Invalid character.
App.tsx(221,2): error TS1434: Unexpected keyword or identifier.
App.tsx(222,1): error TS1127: Invalid character.
App.tsx(222,2): error TS1434: Unexpected keyword or identifier.
App.tsx(223,1): error TS1127: Invalid character.
App.tsx(224,1): error TS1127: Invalid character.
App.tsx(224,2): error TS1434: Unexpected keyword or identifier.
App.tsx(225,1): error TS1127: Invalid character.
App.tsx(225,2): error TS1434: Unexpected keyword or identifier.
App.tsx(226,1): error TS1127: Invalid character.
App.tsx(226,2): error TS1434: Unexpected keyword or identifier.
App.tsx(227,1): error TS1127: Invalid character.
App.tsx(228,1): error TS1127: Invalid character.
App.tsx(229,1): error TS1127: Invalid character.
App.tsx(229,2): error TS1434: Unexpected keyword or identifier.
App.tsx(230,1): error TS1127: Invalid character.
App.tsx(230,2): error TS1434: Unexpected keyword or identifier.
App.tsx(231,1): error TS1127: Invalid character.
App.tsx(231,2): error TS1434: Unexpected keyword or identifier.
App.tsx(232,1): error TS1127: Invalid character.
App.tsx(232,2): error TS1434: Unexpected keyword or identifier.
App.tsx(233,1): error TS1127: Invalid character.
App.tsx(234,1): error TS1127: Invalid character.
App.tsx(235,1): error TS1127: Invalid character.
App.tsx(236,1): error TS1127: Invalid character.
App.tsx(236,2): error TS1434: Unexpected keyword or identifier.
App.tsx(237,1): error TS1127: Invalid character.
App.tsx(238,1): error TS1127: Invalid character.
App.tsx(238,2): error TS1434: Unexpected keyword or identifier.
App.tsx(239,1): error TS1127: Invalid character.
App.tsx(240,1): error TS1127: Invalid character.
App.tsx(240,5): error TS1128: Declaration or statement expected.
App.tsx(241,1): error TS1127: Invalid character.
App.tsx(242,1): error TS1127: Invalid character.
App.tsx(242,2): error TS1434: Unexpected keyword or identifier.
App.tsx(243,1): error TS1127: Invalid character.
App.tsx(243,2): error TS1434: Unexpected keyword or identifier.
App.tsx(244,1): error TS1127: Invalid character.
App.tsx(245,1): error TS1127: Invalid character.
App.tsx(245,2): error TS1434: Unexpected keyword or identifier.
App.tsx(246,1): error TS1127: Invalid character.
App.tsx(246,2): error TS1434: Unexpected keyword or identifier.
App.tsx(247,1): error TS1127: Invalid character.
App.tsx(247,2): error TS1434: Unexpected keyword or identifier.
App.tsx(248,1): error TS1127: Invalid character.
App.tsx(249,1): error TS1127: Invalid character.
App.tsx(249,2): error TS1434: Unexpected keyword or identifier.
App.tsx(250,1): error TS1127: Invalid character.
App.tsx(250,2): error TS1434: Unexpected keyword or identifier.
App.tsx(251,1): error TS1127: Invalid character.
App.tsx(252,1): error TS1127: Invalid character.
App.tsx(253,1): error TS1127: Invalid character.
App.tsx(254,1): error TS1127: Invalid character.
App.tsx(254,2): error TS1434: Unexpected keyword or identifier.
App.tsx(255,1): error TS1127: Invalid character.
App.tsx(255,5): error TS1128: Declaration or statement expected.
App.tsx(256,1): error TS1127: Invalid character.
App.tsx(257,1): error TS1127: Invalid character.
App.tsx(257,2): error TS1434: Unexpected keyword or identifier.
App.tsx(258,1): error TS1127: Invalid character.
App.tsx(258,2): error TS1434: Unexpected keyword or identifier.
App.tsx(259,1): error TS1127: Invalid character.
App.tsx(260,1): error TS1127: Invalid character.
App.tsx(261,1): error TS1127: Invalid character.
App.tsx(261,2): error TS1434: Unexpected keyword or identifier.
App.tsx(262,1): error TS1127: Invalid character.
App.tsx(262,2): error TS1434: Unexpected keyword or identifier.
App.tsx(263,1): error TS1127: Invalid character.
App.tsx(264,1): error TS1127: Invalid character.
App.tsx(265,1): error TS1127: Invalid character.
App.tsx(265,2): error TS1434: Unexpected keyword or identifier.
App.tsx(266,1): error TS1127: Invalid character.
App.tsx(266,2): error TS1434: Unexpected keyword or identifier.
App.tsx(267,1): error TS1127: Invalid character.
App.tsx(267,2): error TS1434: Unexpected keyword or identifier.
App.tsx(268,1): error TS1127: Invalid character.
App.tsx(268,2): error TS1434: Unexpected keyword or identifier.
App.tsx(269,1): error TS1127: Invalid character.
App.tsx(269,2): error TS1434: Unexpected keyword or identifier.
App.tsx(270,1): error TS1127: Invalid character.
App.tsx(270,2): error TS1434: Unexpected keyword or identifier.
App.tsx(271,1): error TS1127: Invalid character.
App.tsx(272,1): error TS1127: Invalid character.
App.tsx(273,1): error TS1127: Invalid character.
App.tsx(273,2): error TS1434: Unexpected keyword or identifier.
App.tsx(274,1): error TS1127: Invalid character.
App.tsx(275,1): error TS1127: Invalid character.
App.tsx(275,2): error TS1434: Unexpected keyword or identifier.
App.tsx(276,1): error TS1127: Invalid character.
App.tsx(276,2): error TS1434: Unexpected keyword or identifier.
App.tsx(277,1): error TS1127: Invalid character.
App.tsx(277,2): error TS1434: Unexpected keyword or identifier.
App.tsx(278,1): error TS1127: Invalid character.
App.tsx(278,2): error TS1434: Unexpected keyword or identifier.
App.tsx(279,1): error TS1127: Invalid character.
App.tsx(279,2): error TS1434: Unexpected keyword or identifier.
App.tsx(280,1): error TS1127: Invalid character.
App.tsx(281,1): error TS1127: Invalid character.
App.tsx(282,1): error TS1127: Invalid character.
App.tsx(283,1): error TS1127: Invalid character.
App.tsx(284,1): error TS1127: Invalid character.
App.tsx(284,2): error TS1434: Unexpected keyword or identifier.
App.tsx(285,1): error TS1127: Invalid character.
App.tsx(286,1): error TS1127: Invalid character.
App.tsx(286,2): error TS1434: Unexpected keyword or identifier.
App.tsx(287,1): error TS1127: Invalid character.
App.tsx(287,2): error TS1434: Unexpected keyword or identifier.
App.tsx(288,1): error TS1127: Invalid character.
App.tsx(288,2): error TS1434: Unexpected keyword or identifier.
App.tsx(289,1): error TS1127: Invalid character.
App.tsx(290,1): error TS1127: Invalid character.
App.tsx(291,1): error TS1127: Invalid character.
App.tsx(292,1): error TS1127: Invalid character.
App.tsx(292,2): error TS1434: Unexpected keyword or identifier.
App.tsx(293,1): error TS1127: Invalid character.
App.tsx(294,1): error TS1127: Invalid character.
App.tsx(295,1): error TS1127: Invalid character.
App.tsx(295,8): error TS1005: ')' expected.
App.tsx(296,1): error TS1127: Invalid character.
App.tsx(296,2): error TS1434: Unexpected keyword or identifier.
App.tsx(297,1): error TS1127: Invalid character.
App.tsx(298,1): error TS1127: Invalid character.
App.tsx(298,2): error TS1434: Unexpected keyword or identifier.
App.tsx(299,1): error TS1127: Invalid character.
App.tsx(300,1): error TS1127: Invalid character.
App.tsx(301,1): error TS1127: Invalid character.
App.tsx(301,2): error TS1434: Unexpected keyword or identifier.
App.tsx(302,1): error TS1127: Invalid character.
App.tsx(302,2): error TS1434: Unexpected keyword or identifier.
App.tsx(303,1): error TS1127: Invalid character.
App.tsx(303,2): error TS1434: Unexpected keyword or identifier.
App.tsx(304,1): error TS1127: Invalid character.
App.tsx(304,2): error TS1434: Unexpected keyword or identifier.
App.tsx(305,1): error TS1127: Invalid character.
App.tsx(305,7): error TS1128: Declaration or statement expected.
App.tsx(306,1): error TS1127: Invalid character.
App.tsx(307,1): error TS1127: Invalid character.
App.tsx(307,2): error TS1434: Unexpected keyword or identifier.
App.tsx(308,1): error TS1127: Invalid character.
App.tsx(309,1): error TS1127: Invalid character.
App.tsx(310,1): error TS1127: Invalid character.
App.tsx(311,1): error TS1127: Invalid character.
App.tsx(312,1): error TS1127: Invalid character.
App.tsx(313,1): error TS1127: Invalid character.
App.tsx(314,1): error TS1127: Invalid character.
App.tsx(315,1): error TS1127: Invalid character.
App.tsx(316,1): error TS1127: Invalid character.
App.tsx(317,1): error TS1127: Invalid character.
App.tsx(318,1): error TS1127: Invalid character.
App.tsx(318,2): error TS1434: Unexpected keyword or identifier.
App.tsx(319,1): error TS1127: Invalid character.
App.tsx(319,2): error TS1434: Unexpected keyword or identifier.
App.tsx(320,1): error TS1127: Invalid character.
App.tsx(320,2): error TS1434: Unexpected keyword or identifier.
App.tsx(321,1): error TS1127: Invalid character.
App.tsx(322,1): error TS1127: Invalid character.
App.tsx(322,5): error TS1128: Declaration or statement expected.
App.tsx(322,6): error TS1128: Declaration or statement expected.
App.tsx(322,19): error TS1005: ';' expected.
App.tsx(323,1): error TS1127: Invalid character.
App.tsx(324,1): error TS1127: Invalid character.
App.tsx(325,1): error TS1127: Invalid character.
App.tsx(325,2): error TS1434: Unexpected keyword or identifier.
App.tsx(326,1): error TS1127: Invalid character.
App.tsx(326,2): error TS1434: Unexpected keyword or identifier.
App.tsx(327,1): error TS1127: Invalid character.
App.tsx(327,2): error TS1434: Unexpected keyword or identifier.
App.tsx(328,1): error TS1127: Invalid character.
App.tsx(328,2): error TS1434: Unexpected keyword or identifier.
App.tsx(329,1): error TS1127: Invalid character.
App.tsx(329,2): error TS1434: Unexpected keyword or identifier.
App.tsx(330,1): error TS1127: Invalid character.
App.tsx(330,2): error TS1434: Unexpected keyword or identifier.
App.tsx(331,1): error TS1127: Invalid character.
App.tsx(331,2): error TS1434: Unexpected keyword or identifier.
App.tsx(332,1): error TS1127: Invalid character.
App.tsx(332,2): error TS1434: Unexpected keyword or identifier.
App.tsx(333,1): error TS1127: Invalid character.
App.tsx(333,2): error TS1434: Unexpected keyword or identifier.
App.tsx(334,1): error TS1127: Invalid character.
App.tsx(335,1): error TS1127: Invalid character.
App.tsx(335,5): error TS1128: Declaration or statement expected.
App.tsx(336,1): error TS1127: Invalid character.
App.tsx(337,1): error TS1127: Invalid character.
App.tsx(337,2): error TS1434: Unexpected keyword or identifier.
App.tsx(338,1): error TS1127: Invalid character.
App.tsx(338,2): error TS1434: Unexpected keyword or identifier.
App.tsx(339,1): error TS1127: Invalid character.
App.tsx(339,2): error TS1434: Unexpected keyword or identifier.
App.tsx(340,1): error TS1127: Invalid character.
App.tsx(340,2): error TS1434: Unexpected keyword or identifier.
App.tsx(341,1): error TS1127: Invalid character.
App.tsx(341,2): error TS1434: Unexpected keyword or identifier.
App.tsx(342,1): error TS1127: Invalid character.
App.tsx(343,1): error TS1127: Invalid character.
App.tsx(343,2): error TS1434: Unexpected keyword or identifier.
App.tsx(344,1): error TS1127: Invalid character.
App.tsx(344,2): error TS1434: Unexpected keyword or identifier.
App.tsx(345,1): error TS1127: Invalid character.
App.tsx(345,2): error TS1434: Unexpected keyword or identifier.
App.tsx(346,1): error TS1127: Invalid character.
App.tsx(346,2): error TS1434: Unexpected keyword or identifier.
App.tsx(347,1): error TS1127: Invalid character.
App.tsx(347,2): error TS1434: Unexpected keyword or identifier.
App.tsx(348,1): error TS1127: Invalid character.
App.tsx(348,2): error TS1434: Unexpected keyword or identifier.
App.tsx(349,1): error TS1127: Invalid character.
App.tsx(350,1): error TS1127: Invalid character.
App.tsx(350,2): error TS1434: Unexpected keyword or identifier.
App.tsx(351,1): error TS1127: Invalid character.
App.tsx(351,2): error TS1434: Unexpected keyword or identifier.
App.tsx(352,1): error TS1127: Invalid character.
App.tsx(352,2): error TS1434: Unexpected keyword or identifier.
App.tsx(353,1): error TS1127: Invalid character.
App.tsx(354,1): error TS1127: Invalid character.
App.tsx(354,5): error TS1128: Declaration or statement expected.
App.tsx(355,1): error TS1127: Invalid character.
App.tsx(356,1): error TS1127: Invalid character.
App.tsx(356,2): error TS1434: Unexpected keyword or identifier.
App.tsx(357,1): error TS1127: Invalid character.
App.tsx(357,2): error TS1434: Unexpected keyword or identifier.
App.tsx(358,1): error TS1127: Invalid character.
App.tsx(358,2): error TS1434: Unexpected keyword or identifier.
App.tsx(359,1): error TS1127: Invalid character.
App.tsx(359,2): error TS1434: Unexpected keyword or identifier.
App.tsx(360,1): error TS1127: Invalid character.
App.tsx(360,2): error TS1434: Unexpected keyword or identifier.
App.tsx(361,1): error TS1127: Invalid character.
App.tsx(362,1): error TS1127: Invalid character.
App.tsx(362,2): error TS1434: Unexpected keyword or identifier.
App.tsx(363,1): error TS1127: Invalid character.
App.tsx(363,2): error TS1434: Unexpected keyword or identifier.
App.tsx(364,1): error TS1127: Invalid character.
App.tsx(364,2): error TS1434: Unexpected keyword or identifier.
App.tsx(365,1): error TS1127: Invalid character.
App.tsx(365,2): error TS1434: Unexpected keyword or identifier.
App.tsx(366,1): error TS1127: Invalid character.
App.tsx(366,2): error TS1434: Unexpected keyword or identifier.
App.tsx(367,1): error TS1127: Invalid character.
App.tsx(367,2): error TS1434: Unexpected keyword or identifier.
App.tsx(368,1): error TS1127: Invalid character.
App.tsx(369,1): error TS1127: Invalid character.
App.tsx(369,2): error TS1434: Unexpected keyword or identifier.
App.tsx(370,1): error TS1127: Invalid character.
App.tsx(370,2): error TS1434: Unexpected keyword or identifier.
App.tsx(371,1): error TS1127: Invalid character.
App.tsx(372,1): error TS1127: Invalid character.
App.tsx(372,5): error TS1128: Declaration or statement expected.
App.tsx(373,1): error TS1127: Invalid character.
App.tsx(374,1): error TS1127: Invalid character.
App.tsx(375,1): error TS1127: Invalid character.
App.tsx(375,2): error TS1434: Unexpected keyword or identifier.
App.tsx(376,1): error TS1127: Invalid character.
App.tsx(376,2): error TS1434: Unexpected keyword or identifier.
App.tsx(377,1): error TS1127: Invalid character.
App.tsx(377,2): error TS1434: Unexpected keyword or identifier.
App.tsx(378,1): error TS1127: Invalid character.
App.tsx(378,2): error TS1434: Unexpected keyword or identifier.
App.tsx(379,1): error TS1127: Invalid character.
App.tsx(379,2): error TS1434: Unexpected keyword or identifier.
App.tsx(380,1): error TS1127: Invalid character.
App.tsx(381,1): error TS1127: Invalid character.
App.tsx(381,2): error TS1434: Unexpected keyword or identifier.
App.tsx(382,1): error TS1127: Invalid character.
App.tsx(382,2): error TS1434: Unexpected keyword or identifier.
App.tsx(383,1): error TS1127: Invalid character.
App.tsx(383,2): error TS1434: Unexpected keyword or identifier.
App.tsx(384,1): error TS1127: Invalid character.
App.tsx(384,2): error TS1434: Unexpected keyword or identifier.
App.tsx(385,1): error TS1127: Invalid character.
App.tsx(385,2): error TS1434: Unexpected keyword or identifier.
App.tsx(386,1): error TS1127: Invalid character.
App.tsx(386,2): error TS1434: Unexpected keyword or identifier.
App.tsx(387,1): error TS1127: Invalid character.
App.tsx(387,2): error TS1434: Unexpected keyword or identifier.
App.tsx(388,1): error TS1127: Invalid character.
App.tsx(389,1): error TS1127: Invalid character.
App.tsx(389,2): error TS1434: Unexpected keyword or identifier.
App.tsx(390,1): error TS1127: Invalid character.
App.tsx(390,2): error TS1434: Unexpected keyword or identifier.
App.tsx(391,1): error TS1127: Invalid character.
App.tsx(391,2): error TS1434: Unexpected keyword or identifier.
App.tsx(392,1): error TS1127: Invalid character.
App.tsx(393,1): error TS1127: Invalid character.
App.tsx(393,5): error TS1128: Declaration or statement expected.
App.tsx(394,1): error TS1127: Invalid character.
App.tsx(395,1): error TS1127: Invalid character.
App.tsx(395,2): error TS1434: Unexpected keyword or identifier.
App.tsx(396,1): error TS1127: Invalid character.
App.tsx(396,2): error TS1434: Unexpected keyword or identifier.
App.tsx(397,1): error TS1127: Invalid character.
App.tsx(397,2): error TS1434: Unexpected keyword or identifier.
App.tsx(398,1): error TS1127: Invalid character.
App.tsx(398,2): error TS1434: Unexpected keyword or identifier.
App.tsx(399,1): error TS1127: Invalid character.
App.tsx(399,2): error TS1434: Unexpected keyword or identifier.
App.tsx(400,1): error TS1127: Invalid character.
App.tsx(401,1): error TS1127: Invalid character.
App.tsx(401,2): error TS1434: Unexpected keyword or identifier.
App.tsx(402,1): error TS1127: Invalid character.
App.tsx(402,2): error TS1434: Unexpected keyword or identifier.
App.tsx(403,1): error TS1127: Invalid character.
App.tsx(403,2): error TS1434: Unexpected keyword or identifier.
App.tsx(404,1): error TS1127: Invalid character.
App.tsx(404,2): error TS1434: Unexpected keyword or identifier.
App.tsx(405,1): error TS1127: Invalid character.
App.tsx(405,2): error TS1434: Unexpected keyword or identifier.
App.tsx(406,1): error TS1127: Invalid character.
App.tsx(407,1): error TS1127: Invalid character.
App.tsx(407,2): error TS1434: Unexpected keyword or identifier.
App.tsx(408,1): error TS1127: Invalid character.
App.tsx(408,2): error TS1434: Unexpected keyword or identifier.
App.tsx(409,1): error TS1127: Invalid character.
App.tsx(410,1): error TS1127: Invalid character.
App.tsx(410,5): error TS1128: Declaration or statement expected.
App.tsx(411,1): error TS1127: Invalid character.
App.tsx(412,1): error TS1127: Invalid character.
App.tsx(413,1): error TS1127: Invalid character.
App.tsx(413,2): error TS1434: Unexpected keyword or identifier.
App.tsx(414,1): error TS1127: Invalid character.
App.tsx(414,2): error TS1434: Unexpected keyword or identifier.
App.tsx(415,1): error TS1127: Invalid character.
App.tsx(415,2): error TS1434: Unexpected keyword or identifier.
App.tsx(416,1): error TS1127: Invalid character.
App.tsx(416,2): error TS1434: Unexpected keyword or identifier.
App.tsx(417,1): error TS1127: Invalid character.
App.tsx(418,1): error TS1127: Invalid character.
App.tsx(418,2): error TS1434: Unexpected keyword or identifier.
App.tsx(419,1): error TS1127: Invalid character.
App.tsx(419,2): error TS1434: Unexpected keyword or identifier.
App.tsx(420,1): error TS1127: Invalid character.
App.tsx(420,2): error TS1434: Unexpected keyword or identifier.
App.tsx(421,1): error TS1127: Invalid character.
App.tsx(422,1): error TS1127: Invalid character.
App.tsx(422,2): error TS1434: Unexpected keyword or identifier.
App.tsx(423,1): error TS1127: Invalid character.
App.tsx(423,2): error TS1434: Unexpected keyword or identifier.
App.tsx(424,1): error TS1127: Invalid character.
App.tsx(424,13): error TS1005: ',' expected.
App.tsx(425,1): error TS1127: Invalid character.
App.tsx(425,13): error TS1005: ',' expected.
App.tsx(426,1): error TS1127: Invalid character.
App.tsx(426,15): error TS1005: ',' expected.
App.tsx(427,1): error TS1127: Invalid character.
App.tsx(428,1): error TS1127: Invalid character.
App.tsx(429,1): error TS1127: Invalid character.
App.tsx(429,2): error TS1434: Unexpected keyword or identifier.
App.tsx(430,1): error TS1127: Invalid character.
App.tsx(431,1): error TS1127: Invalid character.
App.tsx(432,1): error TS1127: Invalid character.
App.tsx(433,1): error TS1127: Invalid character.
App.tsx(433,2): error TS1434: Unexpected keyword or identifier.
App.tsx(434,1): error TS1127: Invalid character.
App.tsx(434,2): error TS1434: Unexpected keyword or identifier.
App.tsx(435,1): error TS1127: Invalid character.
App.tsx(436,1): error TS1127: Invalid character.
App.tsx(437,1): error TS1127: Invalid character.
App.tsx(437,2): error TS1434: Unexpected keyword or identifier.
App.tsx(438,1): error TS1127: Invalid character.
App.tsx(438,2): error TS1434: Unexpected keyword or identifier.
App.tsx(439,1): error TS1127: Invalid character.
App.tsx(439,2): error TS1434: Unexpected keyword or identifier.
App.tsx(440,1): error TS1127: Invalid character.
App.tsx(440,2): error TS1434: Unexpected keyword or identifier.
App.tsx(441,1): error TS1127: Invalid character.
App.tsx(441,2): error TS1434: Unexpected keyword or identifier.
App.tsx(442,1): error TS1127: Invalid character.
App.tsx(442,2): error TS1434: Unexpected keyword or identifier.
App.tsx(443,1): error TS1127: Invalid character.
App.tsx(443,2): error TS1434: Unexpected keyword or identifier.
App.tsx(444,1): error TS1127: Invalid character.
App.tsx(444,2): error TS1434: Unexpected keyword or identifier.
App.tsx(445,1): error TS1127: Invalid character.
App.tsx(445,2): error TS1434: Unexpected keyword or identifier.
App.tsx(446,1): error TS1127: Invalid character.
App.tsx(446,2): error TS1434: Unexpected keyword or identifier.
App.tsx(447,1): error TS1127: Invalid character.
App.tsx(448,1): error TS1127: Invalid character.
App.tsx(448,2): error TS1434: Unexpected keyword or identifier.
App.tsx(449,1): error TS1127: Invalid character.
App.tsx(450,1): error TS1127: Invalid character.
App.tsx(451,1): error TS1127: Invalid character.
App.tsx(451,2): error TS1434: Unexpected keyword or identifier.
App.tsx(452,1): error TS1127: Invalid character.
App.tsx(452,11): error TS1005: ',' expected.
App.tsx(453,1): error TS1127: Invalid character.
App.tsx(453,11): error TS1005: ',' expected.
App.tsx(454,1): error TS1127: Invalid character.
App.tsx(454,13): error TS1005: ',' expected.
App.tsx(455,1): error TS1127: Invalid character.
App.tsx(456,1): error TS1127: Invalid character.
App.tsx(457,1): error TS1127: Invalid character.
App.tsx(457,2): error TS1434: Unexpected keyword or identifier.
App.tsx(458,1): error TS1127: Invalid character.
App.tsx(458,7): error TS1128: Declaration or statement expected.
App.tsx(458,9): error TS1005: 'try' expected.
App.tsx(459,1): error TS1127: Invalid character.
App.tsx(459,2): error TS1434: Unexpected keyword or identifier.
App.tsx(460,1): error TS1127: Invalid character.
App.tsx(460,2): error TS1434: Unexpected keyword or identifier.
App.tsx(461,1): error TS1127: Invalid character.
App.tsx(462,1): error TS1127: Invalid character.
App.tsx(462,5): error TS1128: Declaration or statement expected.
App.tsx(463,1): error TS1127: Invalid character.
App.tsx(464,1): error TS1127: Invalid character.
App.tsx(464,2): error TS1434: Unexpected keyword or identifier.
App.tsx(465,1): error TS1127: Invalid character.
App.tsx(466,1): error TS1127: Invalid character.
App.tsx(467,1): error TS1127: Invalid character.
App.tsx(468,1): error TS1127: Invalid character.
App.tsx(468,2): error TS1434: Unexpected keyword or identifier.
App.tsx(469,1): error TS1127: Invalid character.
App.tsx(469,2): error TS1434: Unexpected keyword or identifier.
App.tsx(470,1): error TS1127: Invalid character.
App.tsx(470,2): error TS1434: Unexpected keyword or identifier.
App.tsx(471,1): error TS1127: Invalid character.
App.tsx(472,1): error TS1127: Invalid character.
App.tsx(472,2): error TS1434: Unexpected keyword or identifier.
App.tsx(473,1): error TS1127: Invalid character.
App.tsx(474,1): error TS1127: Invalid character.
App.tsx(474,2): error TS1434: Unexpected keyword or identifier.
App.tsx(475,1): error TS1127: Invalid character.
App.tsx(475,2): error TS1434: Unexpected keyword or identifier.
App.tsx(476,1): error TS1127: Invalid character.
App.tsx(477,1): error TS1127: Invalid character.
App.tsx(477,2): error TS1434: Unexpected keyword or identifier.
App.tsx(478,1): error TS1127: Invalid character.
App.tsx(479,1): error TS1127: Invalid character.
App.tsx(480,1): error TS1127: Invalid character.
App.tsx(480,2): error TS1434: Unexpected keyword or identifier.
App.tsx(481,1): error TS1127: Invalid character.
App.tsx(481,2): error TS1434: Unexpected keyword or identifier.
App.tsx(482,1): error TS1127: Invalid character.
App.tsx(483,1): error TS1127: Invalid character.
App.tsx(484,1): error TS1127: Invalid character.
App.tsx(485,1): error TS1127: Invalid character.
App.tsx(485,2): error TS1434: Unexpected keyword or identifier.
App.tsx(486,1): error TS1127: Invalid character.
App.tsx(486,2): error TS1434: Unexpected keyword or identifier.
App.tsx(487,1): error TS1127: Invalid character.
App.tsx(487,2): error TS1434: Unexpected keyword or identifier.
App.tsx(488,1): error TS1127: Invalid character.
App.tsx(488,2): error TS1434: Unexpected keyword or identifier.
App.tsx(489,1): error TS1127: Invalid character.
App.tsx(490,1): error TS1127: Invalid character.
App.tsx(490,2): error TS1434: Unexpected keyword or identifier.
App.tsx(491,1): error TS1127: Invalid character.
App.tsx(491,2): error TS1434: Unexpected keyword or identifier.
App.tsx(492,1): error TS1127: Invalid character.
App.tsx(492,11): error TS1005: ',' expected.
App.tsx(493,1): error TS1127: Invalid character.
App.tsx(493,11): error TS1005: ',' expected.
App.tsx(494,1): error TS1127: Invalid character.
App.tsx(495,1): error TS1127: Invalid character.
App.tsx(495,2): error TS1434: Unexpected keyword or identifier.
App.tsx(496,1): error TS1127: Invalid character.
App.tsx(497,1): error TS1127: Invalid character.
App.tsx(498,1): error TS1127: Invalid character.
App.tsx(498,2): error TS1434: Unexpected keyword or identifier.
App.tsx(499,1): error TS1127: Invalid character.
App.tsx(500,1): error TS1127: Invalid character.
App.tsx(500,2): error TS1434: Unexpected keyword or identifier.
App.tsx(501,1): error TS1127: Invalid character.
App.tsx(502,1): error TS1127: Invalid character.
App.tsx(502,2): error TS1434: Unexpected keyword or identifier.
App.tsx(503,1): error TS1127: Invalid character.
App.tsx(503,2): error TS1434: Unexpected keyword or identifier.
App.tsx(504,1): error TS1127: Invalid character.
App.tsx(505,1): error TS1127: Invalid character.
App.tsx(506,1): error TS1127: Invalid character.
App.tsx(507,1): error TS1127: Invalid character.
App.tsx(508,1): error TS1127: Invalid character.
App.tsx(509,1): error TS1127: Invalid character.
App.tsx(510,1): error TS1127: Invalid character.
App.tsx(510,2): error TS1434: Unexpected keyword or identifier.
App.tsx(511,1): error TS1127: Invalid character.
App.tsx(511,2): error TS1434: Unexpected keyword or identifier.
App.tsx(512,1): error TS1127: Invalid character.
App.tsx(513,1): error TS1127: Invalid character.
App.tsx(513,2): error TS1434: Unexpected keyword or identifier.
App.tsx(514,1): error TS1127: Invalid character.
App.tsx(514,2): error TS1434: Unexpected keyword or identifier.
App.tsx(515,1): error TS1127: Invalid character.
App.tsx(516,1): error TS1127: Invalid character.
App.tsx(516,5): error TS1128: Declaration or statement expected.
App.tsx(517,1): error TS1127: Invalid character.
App.tsx(518,1): error TS1127: Invalid character.
App.tsx(519,1): error TS1127: Invalid character.
App.tsx(519,2): error TS1434: Unexpected keyword or identifier.
App.tsx(520,1): error TS1127: Invalid character.
App.tsx(520,2): error TS1434: Unexpected keyword or identifier.
App.tsx(521,1): error TS1127: Invalid character.
App.tsx(522,1): error TS1127: Invalid character.
App.tsx(523,1): error TS1127: Invalid character.
App.tsx(523,2): error TS1434: Unexpected keyword or identifier.
App.tsx(524,1): error TS1127: Invalid character.
App.tsx(524,2): error TS1434: Unexpected keyword or identifier.
App.tsx(525,1): error TS1127: Invalid character.
App.tsx(525,2): error TS1434: Unexpected keyword or identifier.
App.tsx(526,1): error TS1127: Invalid character.
App.tsx(526,2): error TS1434: Unexpected keyword or identifier.
App.tsx(527,1): error TS1127: Invalid character.
App.tsx(528,1): error TS1127: Invalid character.
App.tsx(528,2): error TS1434: Unexpected keyword or identifier.
App.tsx(529,1): error TS1127: Invalid character.
App.tsx(529,2): error TS1434: Unexpected keyword or identifier.
App.tsx(530,1): error TS1127: Invalid character.
App.tsx(530,2): error TS1434: Unexpected keyword or identifier.
App.tsx(531,1): error TS1127: Invalid character.
App.tsx(532,1): error TS1127: Invalid character.
App.tsx(533,1): error TS1127: Invalid character.
App.tsx(533,2): error TS1434: Unexpected keyword or identifier.
App.tsx(534,1): error TS1127: Invalid character.
App.tsx(534,2): error TS1434: Unexpected keyword or identifier.
App.tsx(535,1): error TS1127: Invalid character.
App.tsx(535,2): error TS1434: Unexpected keyword or identifier.
App.tsx(536,1): error TS1127: Invalid character.
App.tsx(537,1): error TS1127: Invalid character.
App.tsx(537,2): error TS1434: Unexpected keyword or identifier.
App.tsx(538,1): error TS1127: Invalid character.
App.tsx(538,2): error TS1434: Unexpected keyword or identifier.
App.tsx(539,1): error TS1127: Invalid character.
App.tsx(540,1): error TS1127: Invalid character.
App.tsx(541,1): error TS1127: Invalid character.
App.tsx(541,2): error TS1434: Unexpected keyword or identifier.
App.tsx(542,1): error TS1127: Invalid character.
App.tsx(543,1): error TS1127: Invalid character.
App.tsx(544,1): error TS1127: Invalid character.
App.tsx(545,1): error TS1127: Invalid character.
App.tsx(545,2): error TS1434: Unexpected keyword or identifier.
App.tsx(546,1): error TS1127: Invalid character.
App.tsx(547,1): error TS1127: Invalid character.
App.tsx(548,1): error TS1127: Invalid character.
App.tsx(549,1): error TS1127: Invalid character.
App.tsx(549,2): error TS1434: Unexpected keyword or identifier.
App.tsx(550,1): error TS1127: Invalid character.
App.tsx(551,1): error TS1127: Invalid character.
App.tsx(551,2): error TS1434: Unexpected keyword or identifier.
App.tsx(552,1): error TS1127: Invalid character.
App.tsx(552,2): error TS1434: Unexpected keyword or identifier.
App.tsx(553,1): error TS1127: Invalid character.
App.tsx(553,2): error TS1434: Unexpected keyword or identifier.
App.tsx(554,1): error TS1127: Invalid character.
App.tsx(554,2): error TS1434: Unexpected keyword or identifier.
App.tsx(555,1): error TS1127: Invalid character.
App.tsx(556,1): error TS1127: Invalid character.
App.tsx(556,2): error TS1434: Unexpected keyword or identifier.
App.tsx(557,1): error TS1127: Invalid character.
App.tsx(558,1): error TS1127: Invalid character.
App.tsx(559,1): error TS1127: Invalid character.
App.tsx(559,2): error TS1434: Unexpected keyword or identifier.
App.tsx(560,1): error TS1127: Invalid character.
App.tsx(561,1): error TS1127: Invalid character.
App.tsx(561,2): error TS1434: Unexpected keyword or identifier.
App.tsx(562,1): error TS1127: Invalid character.
App.tsx(562,2): error TS1434: Unexpected keyword or identifier.
App.tsx(563,1): error TS1127: Invalid character.
App.tsx(564,1): error TS1127: Invalid character.
App.tsx(565,1): error TS1127: Invalid character.
App.tsx(565,2): error TS1434: Unexpected keyword or identifier.
App.tsx(566,1): error TS1127: Invalid character.
App.tsx(566,2): error TS1434: Unexpected keyword or identifier.
App.tsx(567,1): error TS1127: Invalid character.
App.tsx(567,2): error TS1434: Unexpected keyword or identifier.
App.tsx(568,1): error TS1127: Invalid character.
App.tsx(568,2): error TS1434: Unexpected keyword or identifier.
App.tsx(569,1): error TS1127: Invalid character.
App.tsx(569,2): error TS1434: Unexpected keyword or identifier.
App.tsx(570,1): error TS1127: Invalid character.
App.tsx(571,1): error TS1127: Invalid character.
App.tsx(571,2): error TS1434: Unexpected keyword or identifier.
App.tsx(572,1): error TS1127: Invalid character.
App.tsx(573,1): error TS1127: Invalid character.
App.tsx(574,1): error TS1127: Invalid character.
App.tsx(574,2): error TS1434: Unexpected keyword or identifier.
App.tsx(575,1): error TS1127: Invalid character.
App.tsx(576,1): error TS1127: Invalid character.
App.tsx(577,1): error TS1127: Invalid character.
App.tsx(578,1): error TS1127: Invalid character.
App.tsx(579,1): error TS1127: Invalid character.
App.tsx(579,2): error TS1434: Unexpected keyword or identifier.
App.tsx(580,1): error TS1127: Invalid character.
App.tsx(580,2): error TS1434: Unexpected keyword or identifier.
App.tsx(581,1): error TS1127: Invalid character.
App.tsx(581,2): error TS1434: Unexpected keyword or identifier.
App.tsx(581,9): error TS1128: Declaration or statement expected.
App.tsx(582,1): error TS1127: Invalid character.
App.tsx(583,1): error TS1127: Invalid character.
App.tsx(583,2): error TS1434: Unexpected keyword or identifier.
App.tsx(584,1): error TS1127: Invalid character.
App.tsx(584,2): error TS1434: Unexpected keyword or identifier.
App.tsx(585,1): error TS1127: Invalid character.
App.tsx(585,2): error TS1434: Unexpected keyword or identifier.
App.tsx(586,1): error TS1127: Invalid character.
App.tsx(586,13): error TS1005: ',' expected.
App.tsx(587,1): error TS1127: Invalid character.
App.tsx(587,13): error TS1005: ',' expected.
App.tsx(588,1): error TS1127: Invalid character.
App.tsx(588,13): error TS1005: ',' expected.
App.tsx(589,1): error TS1127: Invalid character.
App.tsx(589,13): error TS1005: ',' expected.
App.tsx(590,1): error TS1127: Invalid character.
App.tsx(590,13): error TS1005: ',' expected.
App.tsx(591,1): error TS1127: Invalid character.
App.tsx(591,13): error TS1005: ',' expected.
App.tsx(592,1): error TS1127: Invalid character.
App.tsx(592,13): error TS1005: ',' expected.
App.tsx(593,1): error TS1127: Invalid character.
App.tsx(593,13): error TS1005: ',' expected.
App.tsx(594,1): error TS1127: Invalid character.
App.tsx(595,1): error TS1127: Invalid character.
App.tsx(596,1): error TS1127: Invalid character.
App.tsx(597,1): error TS1127: Invalid character.
App.tsx(598,1): error TS1127: Invalid character.
App.tsx(598,2): error TS1434: Unexpected keyword or identifier.
App.tsx(599,1): error TS1127: Invalid character.
App.tsx(599,2): error TS1434: Unexpected keyword or identifier.
App.tsx(600,1): error TS1127: Invalid character.
App.tsx(600,2): error TS1434: Unexpected keyword or identifier.
App.tsx(601,1): error TS1127: Invalid character.
App.tsx(601,13): error TS1005: ',' expected.
App.tsx(602,1): error TS1127: Invalid character.
App.tsx(602,13): error TS1005: ',' expected.
App.tsx(603,1): error TS1127: Invalid character.
App.tsx(603,13): error TS1005: ',' expected.
App.tsx(604,1): error TS1127: Invalid character.
App.tsx(604,13): error TS1005: ',' expected.
App.tsx(605,1): error TS1127: Invalid character.
App.tsx(605,13): error TS1005: ',' expected.
App.tsx(606,1): error TS1127: Invalid character.
App.tsx(606,13): error TS1005: ',' expected.
App.tsx(607,1): error TS1127: Invalid character.
App.tsx(607,13): error TS1005: ',' expected.
App.tsx(608,1): error TS1127: Invalid character.
App.tsx(608,13): error TS1005: ',' expected.
App.tsx(609,1): error TS1127: Invalid character.
App.tsx(610,1): error TS1127: Invalid character.
App.tsx(611,1): error TS1127: Invalid character.
App.tsx(612,1): error TS1127: Invalid character.
App.tsx(613,1): error TS1127: Invalid character.
App.tsx(613,2): error TS1434: Unexpected keyword or identifier.
App.tsx(614,1): error TS1127: Invalid character.
App.tsx(614,2): error TS1434: Unexpected keyword or identifier.
App.tsx(615,1): error TS1127: Invalid character.
App.tsx(615,2): error TS1434: Unexpected keyword or identifier.
App.tsx(615,9): error TS1128: Declaration or statement expected.
App.tsx(616,1): error TS1127: Invalid character.
App.tsx(616,2): error TS1434: Unexpected keyword or identifier.
App.tsx(617,1): error TS1127: Invalid character.
App.tsx(617,2): error TS1434: Unexpected keyword or identifier.
App.tsx(618,1): error TS1127: Invalid character.
App.tsx(618,2): error TS1434: Unexpected keyword or identifier.
App.tsx(619,1): error TS1127: Invalid character.
App.tsx(619,13): error TS1005: ',' expected.
App.tsx(620,1): error TS1127: Invalid character.
App.tsx(620,13): error TS1005: ',' expected.
App.tsx(621,1): error TS1127: Invalid character.
App.tsx(621,13): error TS1005: ',' expected.
App.tsx(622,1): error TS1127: Invalid character.
App.tsx(622,13): error TS1005: ',' expected.
App.tsx(623,1): error TS1127: Invalid character.
App.tsx(623,13): error TS1005: ',' expected.
App.tsx(624,1): error TS1127: Invalid character.
App.tsx(624,13): error TS1005: ',' expected.
App.tsx(625,1): error TS1127: Invalid character.
App.tsx(625,13): error TS1005: ',' expected.
App.tsx(626,1): error TS1127: Invalid character.
App.tsx(626,13): error TS1005: ',' expected.
App.tsx(627,1): error TS1127: Invalid character.
App.tsx(628,1): error TS1127: Invalid character.
App.tsx(629,1): error TS1127: Invalid character.
App.tsx(630,1): error TS1127: Invalid character.
App.tsx(631,1): error TS1127: Invalid character.
App.tsx(631,2): error TS1434: Unexpected keyword or identifier.
App.tsx(632,1): error TS1127: Invalid character.
App.tsx(632,11): error TS1005: ',' expected.
App.tsx(633,1): error TS1127: Invalid character.
App.tsx(633,11): error TS1005: ',' expected.
App.tsx(634,1): error TS1127: Invalid character.
App.tsx(634,13): error TS1005: ',' expected.
App.tsx(635,1): error TS1127: Invalid character.
App.tsx(636,1): error TS1127: Invalid character.
App.tsx(636,11): error TS1005: ',' expected.
App.tsx(637,1): error TS1127: Invalid character.
App.tsx(637,13): error TS1005: ',' expected.
App.tsx(638,1): error TS1127: Invalid character.
App.tsx(639,1): error TS1127: Invalid character.
App.tsx(640,1): error TS1127: Invalid character.
App.tsx(641,1): error TS1127: Invalid character.
App.tsx(641,2): error TS1434: Unexpected keyword or identifier.
App.tsx(642,1): error TS1127: Invalid character.
App.tsx(642,2): error TS1434: Unexpected keyword or identifier.
App.tsx(643,1): error TS1127: Invalid character.
App.tsx(644,1): error TS1127: Invalid character.
App.tsx(644,2): error TS1434: Unexpected keyword or identifier.
App.tsx(645,1): error TS1127: Invalid character.
App.tsx(645,2): error TS1434: Unexpected keyword or identifier.
App.tsx(646,1): error TS1127: Invalid character.
App.tsx(647,1): error TS1127: Invalid character.
App.tsx(647,2): error TS1434: Unexpected keyword or identifier.
App.tsx(648,1): error TS1127: Invalid character.
App.tsx(649,1): error TS1127: Invalid character.
App.tsx(649,2): error TS1434: Unexpected keyword or identifier.
App.tsx(650,1): error TS1127: Invalid character.
App.tsx(651,1): error TS1127: Invalid character.
App.tsx(651,2): error TS1434: Unexpected keyword or identifier.
App.tsx(652,1): error TS1127: Invalid character.
App.tsx(652,2): error TS1434: Unexpected keyword or identifier.
App.tsx(653,1): error TS1127: Invalid character.
App.tsx(654,1): error TS1127: Invalid character.
App.tsx(654,5): error TS1128: Declaration or statement expected.
App.tsx(655,1): error TS1127: Invalid character.
App.tsx(656,1): error TS1127: Invalid character.
App.tsx(657,1): error TS1127: Invalid character.
App.tsx(658,1): error TS1127: Invalid character.
App.tsx(658,2): error TS1434: Unexpected keyword or identifier.
App.tsx(659,1): error TS1127: Invalid character.
App.tsx(659,2): error TS1434: Unexpected keyword or identifier.
App.tsx(660,1): error TS1127: Invalid character.
App.tsx(660,2): error TS1434: Unexpected keyword or identifier.
App.tsx(661,1): error TS1127: Invalid character.
App.tsx(661,11): error TS1005: ',' expected.
App.tsx(662,1): error TS1127: Invalid character.
App.tsx(662,11): error TS1005: ',' expected.
App.tsx(663,1): error TS1127: Invalid character.
App.tsx(663,11): error TS1005: ',' expected.
App.tsx(664,1): error TS1127: Invalid character.
App.tsx(664,11): error TS1005: ',' expected.
App.tsx(665,1): error TS1127: Invalid character.
App.tsx(665,11): error TS1005: ',' expected.
App.tsx(666,1): error TS1127: Invalid character.
App.tsx(667,1): error TS1127: Invalid character.
App.tsx(667,2): error TS1434: Unexpected keyword or identifier.
App.tsx(668,1): error TS1127: Invalid character.
App.tsx(669,1): error TS1127: Invalid character.
App.tsx(670,1): error TS1127: Invalid character.
App.tsx(670,2): error TS1434: Unexpected keyword or identifier.
App.tsx(671,1): error TS1127: Invalid character.
App.tsx(672,1): error TS1127: Invalid character.
App.tsx(672,2): error TS1434: Unexpected keyword or identifier.
App.tsx(673,1): error TS1127: Invalid character.
App.tsx(673,2): error TS1434: Unexpected keyword or identifier.
App.tsx(674,1): error TS1127: Invalid character.
App.tsx(675,1): error TS1127: Invalid character.
App.tsx(676,1): error TS1127: Invalid character.
App.tsx(676,2): error TS1434: Unexpected keyword or identifier.
App.tsx(677,1): error TS1127: Invalid character.
App.tsx(677,2): error TS1434: Unexpected keyword or identifier.
App.tsx(678,1): error TS1127: Invalid character.
App.tsx(679,1): error TS1127: Invalid character.
App.tsx(680,1): error TS1127: Invalid character.
App.tsx(680,2): error TS1434: Unexpected keyword or identifier.
App.tsx(681,1): error TS1127: Invalid character.
App.tsx(681,2): error TS1434: Unexpected keyword or identifier.
App.tsx(682,1): error TS1127: Invalid character.
App.tsx(682,2): error TS1434: Unexpected keyword or identifier.
App.tsx(683,1): error TS1127: Invalid character.
App.tsx(683,2): error TS1434: Unexpected keyword or identifier.
App.tsx(684,1): error TS1127: Invalid character.
App.tsx(684,2): error TS1434: Unexpected keyword or identifier.
App.tsx(685,1): error TS1127: Invalid character.
App.tsx(686,1): error TS1127: Invalid character.
App.tsx(686,2): error TS1434: Unexpected keyword or identifier.
App.tsx(687,1): error TS1127: Invalid character.
App.tsx(688,1): error TS1127: Invalid character.
App.tsx(689,1): error TS1127: Invalid character.
App.tsx(689,2): error TS1434: Unexpected keyword or identifier.
App.tsx(690,1): error TS1127: Invalid character.
App.tsx(690,2): error TS1434: Unexpected keyword or identifier.
App.tsx(691,1): error TS1127: Invalid character.
App.tsx(691,2): error TS1434: Unexpected keyword or identifier.
App.tsx(692,1): error TS1127: Invalid character.
App.tsx(692,2): error TS1434: Unexpected keyword or identifier.
App.tsx(693,1): error TS1127: Invalid character.
App.tsx(693,2): error TS1434: Unexpected keyword or identifier.
App.tsx(694,1): error TS1127: Invalid character.
App.tsx(695,1): error TS1127: Invalid character.
App.tsx(695,2): error TS1434: Unexpected keyword or identifier.
App.tsx(696,1): error TS1127: Invalid character.
App.tsx(697,1): error TS1127: Invalid character.
App.tsx(697,2): error TS1434: Unexpected keyword or identifier.
App.tsx(698,1): error TS1127: Invalid character.
App.tsx(698,2): error TS1434: Unexpected keyword or identifier.
App.tsx(699,1): error TS1127: Invalid character.
App.tsx(699,2): error TS1434: Unexpected keyword or identifier.
App.tsx(700,1): error TS1127: Invalid character.
App.tsx(700,2): error TS1434: Unexpected keyword or identifier.
App.tsx(701,1): error TS1127: Invalid character.
App.tsx(702,1): error TS1127: Invalid character.
App.tsx(702,2): error TS1434: Unexpected keyword or identifier.
App.tsx(703,1): error TS1127: Invalid character.
App.tsx(704,1): error TS1127: Invalid character.
App.tsx(704,2): error TS1434: Unexpected keyword or identifier.
App.tsx(705,1): error TS1127: Invalid character.
App.tsx(705,2): error TS1434: Unexpected keyword or identifier.
App.tsx(706,1): error TS1127: Invalid character.
App.tsx(706,2): error TS1434: Unexpected keyword or identifier.
App.tsx(707,1): error TS1127: Invalid character.
App.tsx(707,15): error TS1005: ',' expected.
App.tsx(708,1): error TS1127: Invalid character.
App.tsx(708,15): error TS1005: ',' expected.
App.tsx(709,1): error TS1127: Invalid character.
App.tsx(709,15): error TS1005: ',' expected.
App.tsx(710,1): error TS1127: Invalid character.
App.tsx(710,15): error TS1005: ',' expected.
App.tsx(711,1): error TS1127: Invalid character.
App.tsx(711,15): error TS1005: ',' expected.
App.tsx(712,1): error TS1127: Invalid character.
App.tsx(712,15): error TS1005: ',' expected.
App.tsx(713,1): error TS1127: Invalid character.
App.tsx(713,15): error TS1005: ',' expected.
App.tsx(714,1): error TS1127: Invalid character.
App.tsx(714,15): error TS1005: ',' expected.
App.tsx(715,1): error TS1127: Invalid character.
App.tsx(716,1): error TS1127: Invalid character.
App.tsx(717,1): error TS1127: Invalid character.
App.tsx(717,2): error TS1434: Unexpected keyword or identifier.
App.tsx(718,1): error TS1127: Invalid character.
App.tsx(719,1): error TS1127: Invalid character.
App.tsx(719,2): error TS1434: Unexpected keyword or identifier.
App.tsx(720,1): error TS1127: Invalid character.
App.tsx(721,1): error TS1127: Invalid character.
App.tsx(722,1): error TS1127: Invalid character.
App.tsx(722,2): error TS1434: Unexpected keyword or identifier.
App.tsx(723,1): error TS1127: Invalid character.
App.tsx(724,1): error TS1127: Invalid character.
App.tsx(724,2): error TS1434: Unexpected keyword or identifier.
App.tsx(725,1): error TS1127: Invalid character.
App.tsx(725,2): error TS1434: Unexpected keyword or identifier.
App.tsx(726,1): error TS1127: Invalid character.
App.tsx(726,2): error TS1434: Unexpected keyword or identifier.
App.tsx(727,1): error TS1127: Invalid character.
App.tsx(728,1): error TS1127: Invalid character.
App.tsx(728,2): error TS1434: Unexpected keyword or identifier.
App.tsx(729,1): error TS1127: Invalid character.
App.tsx(730,1): error TS1127: Invalid character.
App.tsx(730,2): error TS1434: Unexpected keyword or identifier.
App.tsx(731,1): error TS1127: Invalid character.
App.tsx(731,2): error TS1434: Unexpected keyword or identifier.
App.tsx(732,1): error TS1127: Invalid character.
App.tsx(732,2): error TS1434: Unexpected keyword or identifier.
App.tsx(733,1): error TS1127: Invalid character.
App.tsx(733,15): error TS1005: ',' expected.
App.tsx(734,1): error TS1127: Invalid character.
App.tsx(734,15): error TS1005: ',' expected.
App.tsx(735,1): error TS1127: Invalid character.
App.tsx(735,15): error TS1005: ',' expected.
App.tsx(736,1): error TS1127: Invalid character.
App.tsx(736,15): error TS1005: ',' expected.
App.tsx(737,1): error TS1127: Invalid character.
App.tsx(737,15): error TS1005: ',' expected.
App.tsx(738,1): error TS1127: Invalid character.
App.tsx(738,15): error TS1005: ',' expected.
App.tsx(739,1): error TS1127: Invalid character.
App.tsx(739,15): error TS1005: ',' expected.
App.tsx(740,1): error TS1127: Invalid character.
App.tsx(740,15): error TS1005: ',' expected.
App.tsx(741,1): error TS1127: Invalid character.
App.tsx(742,1): error TS1127: Invalid character.
App.tsx(743,1): error TS1127: Invalid character.
App.tsx(743,2): error TS1434: Unexpected keyword or identifier.
App.tsx(744,1): error TS1127: Invalid character.
App.tsx(745,1): error TS1127: Invalid character.
App.tsx(745,2): error TS1434: Unexpected keyword or identifier.
App.tsx(746,1): error TS1127: Invalid character.
App.tsx(747,1): error TS1127: Invalid character.
App.tsx(748,1): error TS1127: Invalid character.
App.tsx(748,2): error TS1434: Unexpected keyword or identifier.
App.tsx(749,1): error TS1127: Invalid character.
App.tsx(750,1): error TS1127: Invalid character.
App.tsx(750,2): error TS1434: Unexpected keyword or identifier.
App.tsx(751,1): error TS1127: Invalid character.
App.tsx(752,1): error TS1127: Invalid character.
App.tsx(752,2): error TS1434: Unexpected keyword or identifier.
App.tsx(753,1): error TS1127: Invalid character.
App.tsx(753,2): error TS1434: Unexpected keyword or identifier.
App.tsx(754,1): error TS1127: Invalid character.
App.tsx(755,1): error TS1127: Invalid character.
App.tsx(755,2): error TS1434: Unexpected keyword or identifier.
App.tsx(756,1): error TS1127: Invalid character.
App.tsx(756,2): error TS1434: Unexpected keyword or identifier.
App.tsx(757,1): error TS1127: Invalid character.
App.tsx(758,1): error TS1127: Invalid character.
App.tsx(758,2): error TS1434: Unexpected keyword or identifier.
App.tsx(759,1): error TS1127: Invalid character.
App.tsx(759,2): error TS1434: Unexpected keyword or identifier.
App.tsx(760,1): error TS1127: Invalid character.
App.tsx(760,2): error TS1434: Unexpected keyword or identifier.
App.tsx(761,1): error TS1127: Invalid character.
App.tsx(761,2): error TS1434: Unexpected keyword or identifier.
App.tsx(762,1): error TS1127: Invalid character.
App.tsx(762,13): error TS1005: ',' expected.
App.tsx(763,1): error TS1127: Invalid character.
App.tsx(763,13): error TS1005: ',' expected.
App.tsx(764,1): error TS1127: Invalid character.
App.tsx(764,13): error TS1005: ',' expected.
App.tsx(765,1): error TS1127: Invalid character.
App.tsx(765,13): error TS1005: ',' expected.
App.tsx(766,1): error TS1127: Invalid character.
App.tsx(766,13): error TS1005: ',' expected.
App.tsx(767,1): error TS1127: Invalid character.
App.tsx(767,13): error TS1005: ',' expected.
App.tsx(768,1): error TS1127: Invalid character.
App.tsx(768,13): error TS1005: ',' expected.
App.tsx(769,1): error TS1127: Invalid character.
App.tsx(769,13): error TS1005: ',' expected.
App.tsx(770,1): error TS1127: Invalid character.
App.tsx(771,1): error TS1127: Invalid character.
App.tsx(771,2): error TS1434: Unexpected keyword or identifier.
App.tsx(772,1): error TS1127: Invalid character.
App.tsx(773,1): error TS1127: Invalid character.
App.tsx(773,2): error TS1434: Unexpected keyword or identifier.
App.tsx(774,1): error TS1127: Invalid character.
App.tsx(775,1): error TS1127: Invalid character.
App.tsx(775,2): error TS1434: Unexpected keyword or identifier.
App.tsx(776,1): error TS1127: Invalid character.
App.tsx(777,1): error TS1127: Invalid character.
App.tsx(777,2): error TS1434: Unexpected keyword or identifier.
App.tsx(778,1): error TS1127: Invalid character.
App.tsx(778,2): error TS1434: Unexpected keyword or identifier.
App.tsx(779,1): error TS1127: Invalid character.
App.tsx(779,13): error TS1005: ',' expected.
App.tsx(780,1): error TS1127: Invalid character.
App.tsx(780,13): error TS1005: ',' expected.
App.tsx(781,1): error TS1127: Invalid character.
App.tsx(781,13): error TS1005: ',' expected.
App.tsx(782,1): error TS1127: Invalid character.
App.tsx(783,1): error TS1127: Invalid character.
App.tsx(784,1): error TS1127: Invalid character.
App.tsx(785,1): error TS1127: Invalid character.
App.tsx(786,1): error TS1127: Invalid character.
App.tsx(786,2): error TS1434: Unexpected keyword or identifier.
App.tsx(787,1): error TS1127: Invalid character.
App.tsx(788,1): error TS1127: Invalid character.
App.tsx(788,2): error TS1434: Unexpected keyword or identifier.
App.tsx(789,1): error TS1127: Invalid character.
App.tsx(789,2): error TS1434: Unexpected keyword or identifier.
App.tsx(790,1): error TS1127: Invalid character.
App.tsx(791,1): error TS1127: Invalid character.
App.tsx(791,5): error TS1128: Declaration or statement expected.
App.tsx(792,1): error TS1127: Invalid character.
App.tsx(793,1): error TS1127: Invalid character.
App.tsx(793,2): error TS1434: Unexpected keyword or identifier.
App.tsx(794,1): error TS1127: Invalid character.
App.tsx(794,2): error TS1434: Unexpected keyword or identifier.
App.tsx(795,1): error TS1127: Invalid character.
App.tsx(795,2): error TS1434: Unexpected keyword or identifier.
App.tsx(796,1): error TS1127: Invalid character.
App.tsx(796,2): error TS1434: Unexpected keyword or identifier.
App.tsx(797,1): error TS1127: Invalid character.
App.tsx(798,1): error TS1127: Invalid character.
App.tsx(799,1): error TS1127: Invalid character.
App.tsx(799,2): error TS1434: Unexpected keyword or identifier.
App.tsx(800,1): error TS1127: Invalid character.
App.tsx(800,2): error TS1434: Unexpected keyword or identifier.
App.tsx(801,1): error TS1127: Invalid character.
App.tsx(802,1): error TS1127: Invalid character.
App.tsx(803,1): error TS1127: Invalid character.
App.tsx(803,2): error TS1434: Unexpected keyword or identifier.
App.tsx(804,1): error TS1127: Invalid character.
App.tsx(805,1): error TS1127: Invalid character.
App.tsx(806,1): error TS1127: Invalid character.
App.tsx(807,1): error TS1127: Invalid character.
App.tsx(808,1): error TS1127: Invalid character.
App.tsx(809,1): error TS1127: Invalid character.
App.tsx(810,1): error TS1127: Invalid character.
App.tsx(811,1): error TS1127: Invalid character.
App.tsx(811,2): error TS1434: Unexpected keyword or identifier.
App.tsx(811,9): error TS1128: Declaration or statement expected.
App.tsx(812,1): error TS1127: Invalid character.
App.tsx(813,1): error TS1127: Invalid character.
App.tsx(813,2): error TS1434: Unexpected keyword or identifier.
App.tsx(814,1): error TS1127: Invalid character.
App.tsx(814,2): error TS1434: Unexpected keyword or identifier.
App.tsx(815,1): error TS1127: Invalid character.
App.tsx(815,2): error TS1434: Unexpected keyword or identifier.
App.tsx(816,1): error TS1127: Invalid character.
App.tsx(816,2): error TS1434: Unexpected keyword or identifier.
App.tsx(817,1): error TS1127: Invalid character.
App.tsx(817,2): error TS1434: Unexpected keyword or identifier.
App.tsx(818,1): error TS1127: Invalid character.
App.tsx(819,1): error TS1127: Invalid character.
App.tsx(819,2): error TS1434: Unexpected keyword or identifier.
App.tsx(820,1): error TS1127: Invalid character.
App.tsx(821,1): error TS1127: Invalid character.
App.tsx(822,1): error TS1127: Invalid character.
App.tsx(823,1): error TS1127: Invalid character.
App.tsx(823,2): error TS1434: Unexpected keyword or identifier.
App.tsx(824,1): error TS1127: Invalid character.
App.tsx(824,2): error TS1434: Unexpected keyword or identifier.
App.tsx(825,1): error TS1127: Invalid character.
App.tsx(826,1): error TS1127: Invalid character.
App.tsx(826,2): error TS1434: Unexpected keyword or identifier.
App.tsx(827,1): error TS1127: Invalid character.
App.tsx(827,2): error TS1434: Unexpected keyword or identifier.
App.tsx(828,1): error TS1127: Invalid character.
App.tsx(829,1): error TS1127: Invalid character.
App.tsx(830,1): error TS1127: Invalid character.
App.tsx(830,2): error TS1434: Unexpected keyword or identifier.
App.tsx(831,1): error TS1127: Invalid character.
App.tsx(832,1): error TS1127: Invalid character.
App.tsx(832,2): error TS1434: Unexpected keyword or identifier.
App.tsx(833,1): error TS1127: Invalid character.
App.tsx(833,2): error TS1434: Unexpected keyword or identifier.
App.tsx(834,1): error TS1127: Invalid character.
App.tsx(835,1): error TS1127: Invalid character.
App.tsx(835,5): error TS1128: Declaration or statement expected.
App.tsx(836,1): error TS1127: Invalid character.
App.tsx(837,1): error TS1127: Invalid character.
App.tsx(838,1): error TS1127: Invalid character.
App.tsx(838,2): error TS1434: Unexpected keyword or identifier.
App.tsx(839,1): error TS1127: Invalid character.
App.tsx(839,2): error TS1434: Unexpected keyword or identifier.
App.tsx(840,1): error TS1127: Invalid character.
App.tsx(841,1): error TS1127: Invalid character.
App.tsx(841,2): error TS1434: Unexpected keyword or identifier.
App.tsx(842,1): error TS1127: Invalid character.
App.tsx(842,2): error TS1434: Unexpected keyword or identifier.
App.tsx(843,1): error TS1127: Invalid character.
App.tsx(843,2): error TS1434: Unexpected keyword or identifier.
App.tsx(844,1): error TS1127: Invalid character.
App.tsx(844,2): error TS1434: Unexpected keyword or identifier.
App.tsx(845,1): error TS1127: Invalid character.
App.tsx(845,2): error TS1434: Unexpected keyword or identifier.
App.tsx(845,9): error TS1128: Declaration or statement expected.
App.tsx(845,10): error TS1128: Declaration or statement expected.
App.tsx(846,1): error TS1127: Invalid character.
App.tsx(847,1): error TS1127: Invalid character.
App.tsx(847,2): error TS1434: Unexpected keyword or identifier.
App.tsx(848,1): error TS1127: Invalid character.
App.tsx(848,2): error TS1434: Unexpected keyword or identifier.
App.tsx(849,1): error TS1127: Invalid character.
App.tsx(850,1): error TS1127: Invalid character.
App.tsx(850,2): error TS1434: Unexpected keyword or identifier.
App.tsx(851,1): error TS1127: Invalid character.
App.tsx(851,2): error TS1434: Unexpected keyword or identifier.
App.tsx(852,1): error TS1127: Invalid character.
App.tsx(852,2): error TS1434: Unexpected keyword or identifier.
App.tsx(853,1): error TS1127: Invalid character.
App.tsx(853,2): error TS1434: Unexpected keyword or identifier.
App.tsx(854,1): error TS1127: Invalid character.
App.tsx(854,2): error TS1434: Unexpected keyword or identifier.
App.tsx(855,1): error TS1127: Invalid character.
App.tsx(856,1): error TS1127: Invalid character.
App.tsx(856,2): error TS1434: Unexpected keyword or identifier.
App.tsx(857,1): error TS1127: Invalid character.
App.tsx(857,2): error TS1434: Unexpected keyword or identifier.
App.tsx(858,1): error TS1127: Invalid character.
App.tsx(858,2): error TS1434: Unexpected keyword or identifier.
App.tsx(859,1): error TS1127: Invalid character.
App.tsx(860,1): error TS1127: Invalid character.
App.tsx(861,1): error TS1127: Invalid character.
App.tsx(861,2): error TS1434: Unexpected keyword or identifier.
App.tsx(862,1): error TS1127: Invalid character.
App.tsx(862,2): error TS1434: Unexpected keyword or identifier.
App.tsx(863,1): error TS1127: Invalid character.
App.tsx(863,2): error TS1434: Unexpected keyword or identifier.
App.tsx(864,1): error TS1127: Invalid character.
App.tsx(864,2): error TS1434: Unexpected keyword or identifier.
App.tsx(865,1): error TS1127: Invalid character.
App.tsx(866,1): error TS1127: Invalid character.
App.tsx(867,1): error TS1127: Invalid character.
App.tsx(868,1): error TS1127: Invalid character.
App.tsx(868,2): error TS1434: Unexpected keyword or identifier.
App.tsx(869,1): error TS1127: Invalid character.
App.tsx(869,2): error TS1434: Unexpected keyword or identifier.
App.tsx(870,1): error TS1127: Invalid character.
App.tsx(870,2): error TS1434: Unexpected keyword or identifier.
App.tsx(871,1): error TS1127: Invalid character.
App.tsx(872,1): error TS1127: Invalid character.
App.tsx(873,1): error TS1127: Invalid character.
App.tsx(873,2): error TS1434: Unexpected keyword or identifier.
App.tsx(874,1): error TS1127: Invalid character.
App.tsx(875,1): error TS1127: Invalid character.
App.tsx(875,5): error TS1128: Declaration or statement expected.
App.tsx(876,1): error TS1127: Invalid character.
App.tsx(877,1): error TS1127: Invalid character.
App.tsx(877,2): error TS1434: Unexpected keyword or identifier.
App.tsx(878,1): error TS1127: Invalid character.
App.tsx(878,2): error TS1434: Unexpected keyword or identifier.
App.tsx(879,1): error TS1127: Invalid character.
App.tsx(879,2): error TS1434: Unexpected keyword or identifier.
App.tsx(880,1): error TS1127: Invalid character.
App.tsx(880,2): error TS1434: Unexpected keyword or identifier.
App.tsx(881,1): error TS1127: Invalid character.
App.tsx(881,11): error TS1005: ',' expected.
App.tsx(882,1): error TS1127: Invalid character.
App.tsx(882,11): error TS1005: ',' expected.
App.tsx(883,1): error TS1127: Invalid character.
App.tsx(884,1): error TS1127: Invalid character.
App.tsx(884,2): error TS1434: Unexpected keyword or identifier.
App.tsx(885,1): error TS1127: Invalid character.
App.tsx(886,1): error TS1127: Invalid character.
App.tsx(887,1): error TS1127: Invalid character.
App.tsx(887,2): error TS1434: Unexpected keyword or identifier.
App.tsx(888,1): error TS1127: Invalid character.
App.tsx(889,1): error TS1127: Invalid character.
App.tsx(889,2): error TS1434: Unexpected keyword or identifier.
App.tsx(890,1): error TS1127: Invalid character.
App.tsx(890,2): error TS1434: Unexpected keyword or identifier.
App.tsx(891,1): error TS1127: Invalid character.
App.tsx(891,2): error TS1434: Unexpected keyword or identifier.
App.tsx(892,1): error TS1127: Invalid character.
App.tsx(892,2): error TS1434: Unexpected keyword or identifier.
App.tsx(893,1): error TS1127: Invalid character.
App.tsx(893,2): error TS1434: Unexpected keyword or identifier.
App.tsx(894,1): error TS1127: Invalid character.
App.tsx(894,2): error TS1434: Unexpected keyword or identifier.
App.tsx(895,1): error TS1127: Invalid character.
App.tsx(896,1): error TS1127: Invalid character.
App.tsx(896,2): error TS1434: Unexpected keyword or identifier.
App.tsx(897,1): error TS1127: Invalid character.
App.tsx(898,1): error TS1127: Invalid character.
App.tsx(898,5): error TS1128: Declaration or statement expected.
App.tsx(899,1): error TS1127: Invalid character.
App.tsx(900,1): error TS1127: Invalid character.
App.tsx(900,2): error TS1434: Unexpected keyword or identifier.
App.tsx(901,1): error TS1127: Invalid character.
App.tsx(901,2): error TS1434: Unexpected keyword or identifier.
App.tsx(902,1): error TS1127: Invalid character.
App.tsx(902,2): error TS1434: Unexpected keyword or identifier.
App.tsx(903,1): error TS1127: Invalid character.
App.tsx(903,2): error TS1434: Unexpected keyword or identifier.
App.tsx(904,1): error TS1127: Invalid character.
App.tsx(904,5): error TS1128: Declaration or statement expected.
App.tsx(905,1): error TS1127: Invalid character.
App.tsx(906,1): error TS1127: Invalid character.
App.tsx(906,2): error TS1434: Unexpected keyword or identifier.
App.tsx(907,1): error TS1127: Invalid character.
App.tsx(907,2): error TS1434: Unexpected keyword or identifier.
App.tsx(908,1): error TS1127: Invalid character.
App.tsx(908,2): error TS1434: Unexpected keyword or identifier.
App.tsx(909,1): error TS1127: Invalid character.
App.tsx(909,2): error TS1434: Unexpected keyword or identifier.
App.tsx(910,1): error TS1127: Invalid character.
App.tsx(910,2): error TS1434: Unexpected keyword or identifier.
App.tsx(911,1): error TS1127: Invalid character.
App.tsx(912,1): error TS1127: Invalid character.
App.tsx(912,5): error TS1128: Declaration or statement expected.
App.tsx(913,1): error TS1127: Invalid character.
App.tsx(914,1): error TS1127: Invalid character.
App.tsx(914,2): error TS1434: Unexpected keyword or identifier.
App.tsx(1027,5): error TS1127: Invalid character.
App.tsx(1028,1): error TS1127: Invalid character.
App.tsx(1028,2): error TS1434: Unexpected keyword or identifier.
App.tsx(1029,1): error TS1127: Invalid character.
App.tsx(1029,2): error TS1434: Unexpected keyword or identifier.
App.tsx(1030,1): error TS1127: Invalid character.
App.tsx(1030,2): error TS1434: Unexpected keyword or identifier.
App.tsx(1031,1): error TS1127: Invalid character.
App.tsx(1032,1): error TS1127: Invalid character.
App.tsx(1032,2): error TS1434: Unexpected keyword or identifier.
App.tsx(1033,1): error TS1127: Invalid character.
App.tsx(1033,2): error TS1434: Unexpected keyword or identifier.
App.tsx(1034,1): error TS1127: Invalid character.
App.tsx(1034,2): error TS1434: Unexpected keyword or identifier.
App.tsx(1035,1): error TS1127: Invalid character.
App.tsx(1035,2): error TS1434: Unexpected keyword or identifier.
App.tsx(1036,1): error TS1127: Invalid character.
App.tsx(1037,1): error TS1127: Invalid character.
App.tsx(1037,2): error TS1434: Unexpected keyword or identifier.
App.tsx(1038,1): error TS1127: Invalid character.
App.tsx(1039,1): error TS1127: Invalid character.
App.tsx(1040,1): error TS1127: Invalid character.
App.tsx(1041,1): error TS1127: Invalid character.
App.tsx(1041,2): error TS1434: Unexpected keyword or identifier.
App.tsx(1042,1): error TS1127: Invalid character.
App.tsx(1042,11): error TS1005: ',' expected.
App.tsx(1043,1): error TS1127: Invalid character.
App.tsx(1043,11): error TS1005: ',' expected.
App.tsx(1044,1): error TS1127: Invalid character.
App.tsx(1044,11): error TS1005: ',' expected.
App.tsx(1045,1): error TS1127: Invalid character.
App.tsx(1045,13): error TS1005: ',' expected.
App.tsx(1046,1): error TS1127: Invalid character.
App.tsx(1047,1): error TS1127: Invalid character.
App.tsx(1047,15): error TS1005: ',' expected.
App.tsx(1048,1): error TS1127: Invalid character.
App.tsx(1049,1): error TS1127: Invalid character.
App.tsx(1050,1): error TS1127: Invalid character.
App.tsx(1050,2): error TS1434: Unexpected keyword or identifier.
App.tsx(1051,1): error TS1127: Invalid character.
App.tsx(1052,1): error TS1127: Invalid character.
App.tsx(1053,1): error TS1127: Invalid character.
App.tsx(1053,2): error TS1434: Unexpected keyword or identifier.
App.tsx(1054,1): error TS1127: Invalid character.
App.tsx(1055,1): error TS1127: Invalid character.
App.tsx(1055,2): error TS1434: Unexpected keyword or identifier.
App.tsx(1056,1): error TS1127: Invalid character.
App.tsx(1057,1): error TS1127: Invalid character.
App.tsx(1057,2): error TS1434: Unexpected keyword or identifier.
App.tsx(1058,1): error TS1127: Invalid character.
App.tsx(1058,2): error TS1434: Unexpected keyword or identifier.
App.tsx(1059,1): error TS1127: Invalid character.
App.tsx(1060,1): error TS1127: Invalid character.
App.tsx(1061,1): error TS1127: Invalid character.
App.tsx(1061,2): error TS1434: Unexpected keyword or identifier.
App.tsx(1062,1): error TS1127: Invalid character.
App.tsx(1062,2): error TS1434: Unexpected keyword or identifier.
App.tsx(1063,1): error TS1127: Invalid character.
App.tsx(1064,1): error TS1127: Invalid character.
App.tsx(1065,1): error TS1127: Invalid character.
App.tsx(1066,1): error TS1127: Invalid character.
App.tsx(1066,2): error TS1434: Unexpected keyword or identifier.
App.tsx(1067,1): error TS1127: Invalid character.
App.tsx(1067,2): error TS1434: Unexpected keyword or identifier.
App.tsx(1068,1): error TS1127: Invalid character.
App.tsx(1069,1): error TS1127: Invalid character.
App.tsx(1070,1): error TS1127: Invalid character.
App.tsx(1070,2): error TS1434: Unexpected keyword or identifier.
App.tsx(1071,1): error TS1127: Invalid character.
App.tsx(1071,2): error TS1434: Unexpected keyword or identifier.
App.tsx(1072,1): error TS1127: Invalid character.
App.tsx(1073,1): error TS1127: Invalid character.
App.tsx(1073,2): error TS1434: Unexpected keyword or identifier.
App.tsx(1074,1): error TS1127: Invalid character.
App.tsx(1074,2): error TS1434: Unexpected keyword or identifier.
App.tsx(1075,1): error TS1127: Invalid character.
App.tsx(1076,1): error TS1127: Invalid character.
App.tsx(1076,2): error TS1434: Unexpected keyword or identifier.
App.tsx(1077,1): error TS1127: Invalid character.
App.tsx(1078,1): error TS1127: Invalid character.
App.tsx(1078,5): error TS1128: Declaration or statement expected.
App.tsx(1079,1): error TS1127: Invalid character.
App.tsx(1080,1): error TS1127: Invalid character.
App.tsx(1081,1): error TS1127: Invalid character.
App.tsx(1081,2): error TS1434: Unexpected keyword or identifier.
App.tsx(1082,1): error TS1127: Invalid character.
App.tsx(1082,2): error TS1434: Unexpected keyword or identifier.
App.tsx(1083,1): error TS1127: Invalid character.
App.tsx(1083,2): error TS1434: Unexpected keyword or identifier.
App.tsx(1084,1): error TS1127: Invalid character.
App.tsx(1084,2): error TS1434: Unexpected keyword or identifier.
App.tsx(1085,1): error TS1127: Invalid character.
App.tsx(1085,2): error TS1434: Unexpected keyword or identifier.
App.tsx(1086,1): error TS1127: Invalid character.
App.tsx(1086,5): error TS1128: Declaration or statement expected.
App.tsx(1087,1): error TS1127: Invalid character.
App.tsx(1088,1): error TS1127: Invalid character.
App.tsx(1088,2): error TS1434: Unexpected keyword or identifier.
App.tsx(1089,1): error TS1127: Invalid character.
App.tsx(1089,2): error TS1434: Unexpected keyword or identifier.
App.tsx(1090,1): error TS1127: Invalid character.
App.tsx(1090,2): error TS1434: Unexpected keyword or identifier.
App.tsx(1091,1): error TS1127: Invalid character.
App.tsx(1091,2): error TS1434: Unexpected keyword or identifier.
App.tsx(1092,1): error TS1127: Invalid character.
App.tsx(1092,5): error TS1128: Declaration or statement expected.
App.tsx(1093,1): error TS1127: Invalid character.
App.tsx(1094,1): error TS1127: Invalid character.
App.tsx(1095,1): error TS1127: Invalid character.
App.tsx(1095,2): error TS1434: Unexpected keyword or identifier.
App.tsx(1096,1): error TS1127: Invalid character.
App.tsx(1096,2): error TS1434: Unexpected keyword or identifier.
App.tsx(1097,1): error TS1127: Invalid character.
App.tsx(1097,2): error TS1434: Unexpected keyword or identifier.
App.tsx(1098,1): error TS1127: Invalid character.
App.tsx(1098,2): error TS1434: Unexpected keyword or identifier.
App.tsx(1099,1): error TS1127: Invalid character.
App.tsx(1100,1): error TS1127: Invalid character.
App.tsx(1101,1): error TS1127: Invalid character.
App.tsx(1101,2): error TS1434: Unexpected keyword or identifier.
App.tsx(1102,1): error TS1127: Invalid character.
App.tsx(1102,2): error TS1434: Unexpected keyword or identifier.
App.tsx(1103,1): error TS1127: Invalid character.
App.tsx(1103,2): error TS1434: Unexpected keyword or identifier.
App.tsx(1104,1): error TS1127: Invalid character.
App.tsx(1105,1): error TS1127: Invalid character.
App.tsx(1106,1): error TS1127: Invalid character.
App.tsx(1106,2): error TS1434: Unexpected keyword or identifier.
App.tsx(1107,1): error TS1127: Invalid character.
App.tsx(1107,2): error TS1434: Unexpected keyword or identifier.
App.tsx(1108,1): error TS1127: Invalid character.
App.tsx(1108,2): error TS1434: Unexpected keyword or identifier.
App.tsx(1109,1): error TS1127: Invalid character.
App.tsx(1110,1): error TS1127: Invalid character.
App.tsx(1111,1): error TS1127: Invalid character.
App.tsx(1111,2): error TS1434: Unexpected keyword or identifier.
App.tsx(1112,1): error TS1127: Invalid character.
App.tsx(1112,2): error TS1434: Unexpected keyword or identifier.
App.tsx(1113,1): error TS1127: Invalid character.
App.tsx(1113,2): error TS1434: Unexpected keyword or identifier.
App.tsx(1114,1): error TS1127: Invalid character.
App.tsx(1115,1): error TS1127: Invalid character.
App.tsx(1116,1): error TS1127: Invalid character.
App.tsx(1117,1): error TS1127: Invalid character.
App.tsx(1117,2): error TS1434: Unexpected keyword or identifier.
App.tsx(1118,1): error TS1127: Invalid character.
App.tsx(1118,2): error TS1434: Unexpected keyword or identifier.
App.tsx(1119,1): error TS1127: Invalid character.
App.tsx(1119,2): error TS1434: Unexpected keyword or identifier.
App.tsx(1120,1): error TS1127: Invalid character.
App.tsx(1120,2): error TS1434: Unexpected keyword or identifier.
App.tsx(1121,1): error TS1127: Invalid character.
App.tsx(1121,2): error TS1434: Unexpected keyword or identifier.
App.tsx(1122,1): error TS1127: Invalid character.
App.tsx(1122,2): error TS1434: Unexpected keyword or identifier.
App.tsx(1123,1): error TS1127: Invalid character.
App.tsx(1123,2): error TS1434: Unexpected keyword or identifier.
App.tsx(1124,1): error TS1127: Invalid character.
App.tsx(1124,2): error TS1434: Unexpected keyword or identifier.
App.tsx(1125,1): error TS1127: Invalid character.
App.tsx(1125,2): error TS1434: Unexpected keyword or identifier.
App.tsx(1126,1): error TS1127: Invalid character.
App.tsx(1126,7): error TS1128: Declaration or statement expected.
App.tsx(1127,1): error TS1127: Invalid character.
App.tsx(1127,2): error TS1434: Unexpected keyword or identifier.
App.tsx(1128,1): error TS1127: Invalid character.
App.tsx(1128,2): error TS1434: Unexpected keyword or identifier.
App.tsx(1129,1): error TS1127: Invalid character.
App.tsx(1129,2): error TS1434: Unexpected keyword or identifier.
App.tsx(1130,1): error TS1127: Invalid character.
App.tsx(1130,5): error TS1128: Declaration or statement expected.
App.tsx(1131,1): error TS1127: Invalid character.
App.tsx(1132,1): error TS1127: Invalid character.
App.tsx(1132,2): error TS1434: Unexpected keyword or identifier.
App.tsx(1133,1): error TS1127: Invalid character.
App.tsx(1133,2): error TS1434: Unexpected keyword or identifier.
App.tsx(1134,1): error TS1127: Invalid character.
App.tsx(1134,2): error TS1434: Unexpected keyword or identifier.
App.tsx(1135,1): error TS1127: Invalid character.
App.tsx(1136,1): error TS1127: Invalid character.
App.tsx(1136,2): error TS1434: Unexpected keyword or identifier.
App.tsx(1137,1): error TS1127: Invalid character.
App.tsx(1137,2): error TS1434: Unexpected keyword or identifier.
App.tsx(1138,1): error TS1127: Invalid character.
App.tsx(1138,2): error TS1434: Unexpected keyword or identifier.
App.tsx(1139,1): error TS1127: Invalid character.
App.tsx(1139,2): error TS1434: Unexpected keyword or identifier.
App.tsx(1140,1): error TS1127: Invalid character.
App.tsx(1140,2): error TS1434: Unexpected keyword or identifier.
App.tsx(1141,1): error TS1127: Invalid character.
App.tsx(1142,1): error TS1127: Invalid character.
App.tsx(1142,2): error TS1434: Unexpected keyword or identifier.
App.tsx(1143,1): error TS1127: Invalid character.
App.tsx(1143,11): error TS1005: ',' expected.
App.tsx(1144,1): error TS1127: Invalid character.
App.tsx(1144,11): error TS1005: ',' expected.
App.tsx(1145,1): error TS1127: Invalid character.
App.tsx(1145,11): error TS1005: ',' expected.
App.tsx(1146,1): error TS1127: Invalid character.
App.tsx(1147,1): error TS1127: Invalid character.
App.tsx(1148,1): error TS1127: Invalid character.
App.tsx(1148,2): error TS1434: Unexpected keyword or identifier.
App.tsx(1149,1): error TS1127: Invalid character.
App.tsx(1150,1): error TS1127: Invalid character.
App.tsx(1150,2): error TS1434: Unexpected keyword or identifier.
App.tsx(1151,1): error TS1127: Invalid character.
App.tsx(1152,1): error TS1127: Invalid character.
App.tsx(1152,5): error TS1128: Declaration or statement expected.
App.tsx(1153,1): error TS1127: Invalid character.
App.tsx(1154,1): error TS1127: Invalid character.
App.tsx(1155,1): error TS1127: Invalid character.
App.tsx(1155,2): error TS1434: Unexpected keyword or identifier.
App.tsx(1156,1): error TS1127: Invalid character.
App.tsx(1156,2): error TS1434: Unexpected keyword or identifier.
App.tsx(1157,1): error TS1127: Invalid character.
App.tsx(1157,2): error TS1434: Unexpected keyword or identifier.
App.tsx(1158,1): error TS1127: Invalid character.
App.tsx(1158,2): error TS1434: Unexpected keyword or identifier.
App.tsx(1159,1): error TS1127: Invalid character.
App.tsx(1159,2): error TS1434: Unexpected keyword or identifier.
App.tsx(1160,1): error TS1127: Invalid character.
App.tsx(1160,2): error TS1434: Unexpected keyword or identifier.
App.tsx(1161,1): error TS1127: Invalid character.
App.tsx(1161,5): error TS1128: Declaration or statement expected.
App.tsx(1162,1): error TS1127: Invalid character.
App.tsx(1163,1): error TS1127: Invalid character.
App.tsx(1163,2): error TS1434: Unexpected keyword or identifier.
App.tsx(1164,1): error TS1127: Invalid character.
App.tsx(1164,2): error TS1434: Unexpected keyword or identifier.
App.tsx(1165,1): error TS1127: Invalid character.
App.tsx(1165,2): error TS1434: Unexpected keyword or identifier.
App.tsx(1166,1): error TS1127: Invalid character.
App.tsx(1166,2): error TS1434: Unexpected keyword or identifier.
App.tsx(1167,1): error TS1127: Invalid character.
App.tsx(1167,5): error TS1128: Declaration or statement expected.
App.tsx(1168,1): error TS1127: Invalid character.
App.tsx(1169,1): error TS1127: Invalid character.
App.tsx(1169,2): error TS1434: Unexpected keyword or identifier.
App.tsx(1170,1): error TS1127: Invalid character.
App.tsx(1170,2): error TS1434: Unexpected keyword or identifier.
App.tsx(1171,1): error TS1127: Invalid character.
App.tsx(1171,2): error TS1434: Unexpected keyword or identifier.
App.tsx(1172,1): error TS1127: Invalid character.
App.tsx(1172,2): error TS1434: Unexpected keyword or identifier.
App.tsx(1173,1): error TS1127: Invalid character.
App.tsx(1173,2): error TS1434: Unexpected keyword or identifier.
App.tsx(1174,1): error TS1127: Invalid character.
App.tsx(1174,5): error TS1128: Declaration or statement expected.
App.tsx(1175,1): error TS1127: Invalid character.
App.tsx(1176,1): error TS1127: Invalid character.
App.tsx(1176,2): error TS1434: Unexpected keyword or identifier.
App.tsx(1177,1): error TS1127: Invalid character.
App.tsx(1177,2): error TS1434: Unexpected keyword or identifier.
App.tsx(1178,1): error TS1127: Invalid character.
App.tsx(1178,2): error TS1434: Unexpected keyword or identifier.
App.tsx(1179,1): error TS1127: Invalid character.
App.tsx(1179,2): error TS1434: Unexpected keyword or identifier.
App.tsx(1180,1): error TS1127: Invalid character.
App.tsx(1181,1): error TS1127: Invalid character.
App.tsx(1181,2): error TS1434: Unexpected keyword or identifier.
App.tsx(1182,1): error TS1127: Invalid character.
App.tsx(1182,2): error TS1434: Unexpected keyword or identifier.
App.tsx(1183,1): error TS1127: Invalid character.
App.tsx(1183,5): error TS1128: Declaration or statement expected.
App.tsx(1184,1): error TS1127: Invalid character.
App.tsx(1185,1): error TS1127: Invalid character.
App.tsx(1185,2): error TS1434: Unexpected keyword or identifier.
App.tsx(1186,1): error TS1127: Invalid character.
App.tsx(1186,2): error TS1434: Unexpected keyword or identifier.
App.tsx(1187,1): error TS1127: Invalid character.
App.tsx(1187,14): error TS1005: ';' expected.
App.tsx(1188,1): error TS1127: Invalid character.
App.tsx(1188,20): error TS1005: ';' expected.
App.tsx(1188,59): error TS1005: ';' expected.
App.tsx(1188,67): error TS1005: ':' expected.
App.tsx(1188,70): error TS1109: Expression expected.
App.tsx(1189,1): error TS1127: Invalid character.
App.tsx(1189,2): error TS1434: Unexpected keyword or identifier.
App.tsx(1189,9): error TS1128: Declaration or statement expected.
App.tsx(1190,1): error TS1127: Invalid character.
App.tsx(1190,2): error TS1434: Unexpected keyword or identifier.
App.tsx(1190,7): error TS1128: Declaration or statement expected.
App.tsx(1191,1): error TS1127: Invalid character.
App.tsx(1192,1): error TS1127: Invalid character.
App.tsx(1193,1): error TS1127: Invalid character.
App.tsx(1193,2): error TS1434: Unexpected keyword or identifier.
App.tsx(1194,1): error TS1127: Invalid character.
App.tsx(1194,2): error TS1434: Unexpected keyword or identifier.
App.tsx(1195,1): error TS1127: Invalid character.
App.tsx(1196,1): error TS1127: Invalid character.
App.tsx(1197,1): error TS1127: Invalid character.
App.tsx(1197,2): error TS1434: Unexpected keyword or identifier.
App.tsx(1198,1): error TS1127: Invalid character.
App.tsx(1198,12): error TS1005: ';' expected.
App.tsx(1199,1): error TS1127: Invalid character.
App.tsx(1199,2): error TS1434: Unexpected keyword or identifier.
App.tsx(1200,1): error TS1127: Invalid character.
App.tsx(1200,2): error TS1434: Unexpected keyword or identifier.
App.tsx(1201,1): error TS1127: Invalid character.
App.tsx(1201,2): error TS1434: Unexpected keyword or identifier.
App.tsx(1202,1): error TS1127: Invalid character.
App.tsx(1202,2): error TS1434: Unexpected keyword or identifier.
App.tsx(1203,1): error TS1127: Invalid character.
App.tsx(1203,2): error TS1434: Unexpected keyword or identifier.
App.tsx(1204,1): error TS1127: Invalid character.
App.tsx(1205,1): error TS1127: Invalid character.
App.tsx(1205,2): error TS1434: Unexpected keyword or identifier.
App.tsx(1206,1): error TS1127: Invalid character.
App.tsx(1206,2): error TS1434: Unexpected keyword or identifier.
App.tsx(1207,1): error TS1127: Invalid character.
App.tsx(1208,1): error TS1127: Invalid character.
App.tsx(1208,2): error TS1434: Unexpected keyword or identifier.
App.tsx(1209,1): error TS1127: Invalid character.
App.tsx(1210,1): error TS1127: Invalid character.
App.tsx(1210,2): error TS1434: Unexpected keyword or identifier.
App.tsx(1211,1): error TS1127: Invalid character.
App.tsx(1211,2): error TS1434: Unexpected keyword or identifier.
App.tsx(1212,1): error TS1127: Invalid character.
App.tsx(1212,2): error TS1434: Unexpected keyword or identifier.
App.tsx(1212,27): error TS1136: Property assignment expected.
App.tsx(1212,32): error TS1005: ';' expected.
App.tsx(1213,1): error TS1127: Invalid character.
App.tsx(1213,2): error TS1434: Unexpected keyword or identifier.
App.tsx(1213,29): error TS1136: Property assignment expected.
App.tsx(1213,32): error TS1005: ';' expected.
App.tsx(1214,1): error TS1127: Invalid character.
App.tsx(1214,16): error TS1109: Expression expected.
App.tsx(1215,1): error TS1127: Invalid character.
App.tsx(1215,2): error TS1434: Unexpected keyword or identifier.
App.tsx(1215,13): error TS1128: Declaration or statement expected.
App.tsx(1215,14): error TS1128: Declaration or statement expected.
App.tsx(1216,1): error TS1127: Invalid character.
App.tsx(1217,1): error TS1127: Invalid character.
App.tsx(1217,2): error TS1434: Unexpected keyword or identifier.
App.tsx(1218,1): error TS1127: Invalid character.
App.tsx(1218,2): error TS1434: Unexpected keyword or identifier.
App.tsx(1218,26): error TS1136: Property assignment expected.
App.tsx(1218,31): error TS1005: ';' expected.
App.tsx(1218,93): error TS1128: Declaration or statement expected.
App.tsx(1219,1): error TS1127: Invalid character.
App.tsx(1219,2): error TS1434: Unexpected keyword or identifier.
App.tsx(1219,27): error TS1136: Property assignment expected.
App.tsx(1219,36): error TS1005: ';' expected.
App.tsx(1219,78): error TS1128: Declaration or statement expected.
App.tsx(1220,1): error TS1127: Invalid character.
App.tsx(1220,14): error TS1109: Expression expected.
App.tsx(1221,1): error TS1127: Invalid character.
App.tsx(1221,24): error TS1005: ';' expected.
App.tsx(1221,35): error TS1005: ',' expected.
App.tsx(1221,43): error TS1005: ';' expected.
App.tsx(1221,63): error TS1005: ';' expected.
App.tsx(1221,81): error TS1005: ',' expected.
App.tsx(1221,96): error TS1005: ';' expected.
App.tsx(1221,120): error TS1005: ';' expected.
App.tsx(1221,133): error TS1005: ',' expected.
App.tsx(1221,143): error TS1005: ';' expected.
App.tsx(1221,151): error TS1136: Property assignment expected.
App.tsx(1221,154): error TS1005: ';' expected.
App.tsx(1221,179): error TS1128: Declaration or statement expected.
App.tsx(1221,181): error TS1161: Unterminated regular expression literal.
App.tsx(1222,1): error TS1127: Invalid character.
App.tsx(1222,2): error TS1434: Unexpected keyword or identifier.
App.tsx(1222,11): error TS1128: Declaration or statement expected.
App.tsx(1223,1): error TS1127: Invalid character.
App.tsx(1223,2): error TS1434: Unexpected keyword or identifier.
App.tsx(1223,9): error TS1128: Declaration or statement expected.
App.tsx(1223,10): error TS1128: Declaration or statement expected.
App.tsx(1224,1): error TS1127: Invalid character.
App.tsx(1224,2): error TS1434: Unexpected keyword or identifier.
App.tsx(1225,1): error TS1127: Invalid character.
App.tsx(1225,2): error TS1434: Unexpected keyword or identifier.
App.tsx(1226,1): error TS1127: Invalid character.
App.tsx(1227,1): error TS1127: Invalid character.
App.tsx(1228,1): error TS1127: Invalid character.
App.tsx(1229,1): error TS1127: Invalid character.
App.tsx(1230,1): error TS1127: Invalid character.
App.tsx(1231,1): error TS1127: Invalid character.
App.tsx(1231,2): error TS1434: Unexpected keyword or identifier.
App.tsx(1232,1): error TS1127: Invalid character.
App.tsx(1232,2): error TS1434: Unexpected keyword or identifier.
App.tsx(1233,1): error TS1127: Invalid character.
App.tsx(1233,2): error TS1434: Unexpected keyword or identifier.
App.tsx(1234,1): error TS1127: Invalid character.
App.tsx(1234,2): error TS1434: Unexpected keyword or identifier.
App.tsx(1235,1): error TS1127: Invalid character.
App.tsx(1235,2): error TS1434: Unexpected keyword or identifier.
App.tsx(1236,1): error TS1127: Invalid character.
App.tsx(1237,1): error TS1127: Invalid character.
App.tsx(1238,1): error TS1127: Invalid character.
App.tsx(1239,1): error TS1127: Invalid character.
App.tsx(1239,2): error TS1434: Unexpected keyword or identifier.
App.tsx(1240,1): error TS1127: Invalid character.
App.tsx(1240,2): error TS1434: Unexpected keyword or identifier.
App.tsx(1241,1): error TS1127: Invalid character.
App.tsx(1241,2): error TS1434: Unexpected keyword or identifier.
App.tsx(1242,1): error TS1127: Invalid character.
App.tsx(1242,2): error TS1434: Unexpected keyword or identifier.
App.tsx(1243,1): error TS1127: Invalid character.
App.tsx(1243,2): error TS1434: Unexpected keyword or identifier.
App.tsx(1244,1): error TS1127: Invalid character.
App.tsx(1245,1): error TS1127: Invalid character.
App.tsx(1246,1): error TS1127: Invalid character.
App.tsx(1247,1): error TS1127: Invalid character.
App.tsx(1248,1): error TS1127: Invalid character.
App.tsx(1249,1): error TS1127: Invalid character.
App.tsx(1250,1): error TS1127: Invalid character.
App.tsx(1250,2): error TS1434: Unexpected keyword or identifier.
App.tsx(1251,1): error TS1127: Invalid character.
App.tsx(1251,2): error TS1434: Unexpected keyword or identifier.
App.tsx(1252,1): error TS1127: Invalid character.
App.tsx(1253,1): error TS1127: Invalid character.
App.tsx(1254,1): error TS1127: Invalid character.
App.tsx(1255,1): error TS1127: Invalid character.
App.tsx(1256,1): error TS1127: Invalid character.
App.tsx(1256,2): error TS1434: Unexpected keyword or identifier.
App.tsx(1257,1): error TS1127: Invalid character.
App.tsx(1257,2): error TS1434: Unexpected keyword or identifier.
App.tsx(1258,1): error TS1127: Invalid character.
App.tsx(1258,2): error TS1434: Unexpected keyword or identifier.
App.tsx(1259,1): error TS1127: Invalid character.
App.tsx(1259,2): error TS1434: Unexpected keyword or identifier.
App.tsx(1260,1): error TS1127: Invalid character.
App.tsx(1261,1): error TS1127: Invalid character.
App.tsx(1262,1): error TS1127: Invalid character.
App.tsx(1263,1): error TS1127: Invalid character.
App.tsx(1264,1): error TS1127: Invalid character.
App.tsx(1265,1): error TS1127: Invalid character.
App.tsx(1265,2): error TS1434: Unexpected keyword or identifier.
App.tsx(1266,1): error TS1127: Invalid character.
App.tsx(1266,2): error TS1434: Unexpected keyword or identifier.
App.tsx(1267,1): error TS1127: Invalid character.
App.tsx(1268,1): error TS1127: Invalid character.
App.tsx(1269,1): error TS1127: Invalid character.
App.tsx(1270,1): error TS1127: Invalid character.
App.tsx(1271,1): error TS1127: Invalid character.
App.tsx(1272,1): error TS1127: Invalid character.
App.tsx(1272,2): error TS1434: Unexpected keyword or identifier.
App.tsx(1273,1): error TS1127: Invalid character.
App.tsx(1273,2): error TS1434: Unexpected keyword or identifier.
App.tsx(1274,1): error TS1127: Invalid character.
App.tsx(1274,2): error TS1434: Unexpected keyword or identifier.
App.tsx(1275,1): error TS1127: Invalid character.
App.tsx(1275,2): error TS1434: Unexpected keyword or identifier.
App.tsx(1276,1): error TS1127: Invalid character.
App.tsx(1277,1): error TS1127: Invalid character.
App.tsx(1278,1): error TS1127: Invalid character.
App.tsx(1279,1): error TS1127: Invalid character.
App.tsx(1280,1): error TS1127: Invalid character.
App.tsx(1281,1): error TS1127: Invalid character.
App.tsx(1282,1): error TS1127: Invalid character.
App.tsx(1283,1): error TS1127: Invalid character.
App.tsx(1284,1): error TS1127: Invalid character.
App.tsx(1285,1): error TS1127: Invalid character.
App.tsx(1286,1): error TS1127: Invalid character.
App.tsx(1286,2): error TS1434: Unexpected keyword or identifier.
App.tsx(1287,1): error TS1127: Invalid character.
App.tsx(1287,2): error TS1434: Unexpected keyword or identifier.
App.tsx(1288,1): error TS1127: Invalid character.
App.tsx(1289,1): error TS1127: Invalid character.
App.tsx(1290,1): error TS1127: Invalid character.
App.tsx(1291,1): error TS1127: Invalid character.
App.tsx(1292,1): error TS1127: Invalid character.
App.tsx(1293,1): error TS1127: Invalid character.
App.tsx(1293,2): error TS1434: Unexpected keyword or identifier.
App.tsx(1294,1): error TS1127: Invalid character.
App.tsx(1295,1): error TS1127: Invalid character.
App.tsx(1296,1): error TS1127: Invalid character.
App.tsx(1297,1): error TS1127: Invalid character.
App.tsx(1298,1): error TS1127: Invalid character.
App.tsx(1299,1): error TS1127: Invalid character.
App.tsx(1299,2): error TS1434: Unexpected keyword or identifier.
App.tsx(1300,1): error TS1127: Invalid character.
App.tsx(1300,2): error TS1434: Unexpected keyword or identifier.
App.tsx(1301,1): error TS1127: Invalid character.
App.tsx(1301,2): error TS1434: Unexpected keyword or identifier.
App.tsx(1302,1): error TS1127: Invalid character.
App.tsx(1302,2): error TS1434: Unexpected keyword or identifier.
App.tsx(1303,1): error TS1127: Invalid character.
App.tsx(1304,1): error TS1127: Invalid character.
App.tsx(1305,1): error TS1127: Invalid character.
App.tsx(1306,1): error TS1127: Invalid character.
App.tsx(1307,1): error TS1127: Invalid character.
App.tsx(1307,2): error TS1434: Unexpected keyword or identifier.
App.tsx(1308,1): error TS1127: Invalid character.
App.tsx(1308,2): error TS1434: Unexpected keyword or identifier.
App.tsx(1309,1): error TS1127: Invalid character.
App.tsx(1309,2): error TS1434: Unexpected keyword or identifier.
App.tsx(1310,1): error TS1127: Invalid character.
App.tsx(1311,1): error TS1127: Invalid character.
App.tsx(1312,1): error TS1127: Invalid character.
App.tsx(1312,2): error TS1434: Unexpected keyword or identifier.
App.tsx(1313,1): error TS1127: Invalid character.
App.tsx(1313,2): error TS1434: Unexpected keyword or identifier.
App.tsx(1314,1): error TS1127: Invalid character.
App.tsx(1314,2): error TS1434: Unexpected keyword or identifier.
App.tsx(1315,1): error TS1127: Invalid character.
App.tsx(1315,2): error TS1434: Unexpected keyword or identifier.
App.tsx(1316,1): error TS1127: Invalid character.
App.tsx(1316,2): error TS1434: Unexpected keyword or identifier.
App.tsx(1317,1): error TS1127: Invalid character.
App.tsx(1318,1): error TS1127: Invalid character.
App.tsx(1319,1): error TS1127: Invalid character.
App.tsx(1319,2): error TS1434: Unexpected keyword or identifier.
App.tsx(1320,1): error TS1127: Invalid character.
App.tsx(1320,2): error TS1434: Unexpected keyword or identifier.
App.tsx(1321,1): error TS1127: Invalid character.
App.tsx(1322,1): error TS1127: Invalid character.
App.tsx(1323,1): error TS1127: Invalid character.
App.tsx(1323,2): error TS1434: Unexpected keyword or identifier.
App.tsx(1324,1): error TS1127: Invalid character.
App.tsx(1324,2): error TS1434: Unexpected keyword or identifier.
App.tsx(1324,109): error TS1005: ';' expected.
App.tsx(1325,1): error TS1127: Invalid character.
App.tsx(1326,1): error TS1127: Invalid character.
App.tsx(1326,2): error TS1434: Unexpected keyword or identifier.
App.tsx(1327,1): error TS1127: Invalid character.
App.tsx(1327,2): error TS1434: Unexpected keyword or identifier.
App.tsx(1328,1): error TS1127: Invalid character.
App.tsx(1328,2): error TS1434: Unexpected keyword or identifier.
App.tsx(1329,1): error TS1127: Invalid character.
App.tsx(1329,2): error TS1434: Unexpected keyword or identifier.
App.tsx(1330,1): error TS1127: Invalid character.
App.tsx(1331,1): error TS1127: Invalid character.
App.tsx(1331,2): error TS1434: Unexpected keyword or identifier.
App.tsx(1332,1): error TS1127: Invalid character.
App.tsx(1332,2): error TS1434: Unexpected keyword or identifier.
App.tsx(1333,1): error TS1127: Invalid character.
App.tsx(1333,2): error TS1434: Unexpected keyword or identifier.
App.tsx(1334,1): error TS1127: Invalid character.
App.tsx(1335,1): error TS1127: Invalid character.
App.tsx(1335,2): error TS1434: Unexpected keyword or identifier.
App.tsx(1336,1): error TS1127: Invalid character.
App.tsx(1336,2): error TS1434: Unexpected keyword or identifier.
App.tsx(1337,1): error TS1127: Invalid character.
App.tsx(1337,2): error TS1434: Unexpected keyword or identifier.
App.tsx(1338,1): error TS1127: Invalid character.
App.tsx(1338,2): error TS1434: Unexpected keyword or identifier.
App.tsx(1339,1): error TS1127: Invalid character.
App.tsx(1340,1): error TS1127: Invalid character.
App.tsx(1340,2): error TS1434: Unexpected keyword or identifier.
App.tsx(1341,1): error TS1127: Invalid character.
App.tsx(1342,1): error TS1127: Invalid character.
App.tsx(1343,1): error TS1127: Invalid character.
App.tsx(1344,1): error TS1127: Invalid character.
App.tsx(1344,2): error TS1434: Unexpected keyword or identifier.
App.tsx(1345,1): error TS1127: Invalid character.
App.tsx(1345,2): error TS1434: Unexpected keyword or identifier.
App.tsx(1346,1): error TS1127: Invalid character.
App.tsx(1347,1): error TS1127: Invalid character.
App.tsx(1347,2): error TS1434: Unexpected keyword or identifier.
App.tsx(1348,1): error TS1127: Invalid character.
App.tsx(1348,17): error TS1005: ',' expected.
App.tsx(1349,1): error TS1127: Invalid character.
App.tsx(1349,17): error TS1005: ',' expected.
App.tsx(1350,1): error TS1127: Invalid character.
App.tsx(1350,17): error TS1005: ',' expected.
App.tsx(1351,1): error TS1127: Invalid character.
App.tsx(1351,17): error TS1005: ',' expected.
App.tsx(1352,1): error TS1127: Invalid character.
App.tsx(1352,17): error TS1005: ',' expected.
App.tsx(1353,1): error TS1127: Invalid character.
App.tsx(1353,17): error TS1005: ',' expected.
App.tsx(1354,1): error TS1127: Invalid character.
App.tsx(1354,17): error TS1005: ',' expected.
App.tsx(1355,1): error TS1127: Invalid character.
App.tsx(1355,17): error TS1005: ',' expected.
App.tsx(1356,1): error TS1127: Invalid character.
App.tsx(1356,17): error TS1005: ',' expected.
App.tsx(1357,1): error TS1127: Invalid character.
App.tsx(1357,17): error TS1005: ',' expected.
App.tsx(1358,1): error TS1127: Invalid character.
App.tsx(1358,17): error TS1005: ',' expected.
App.tsx(1359,1): error TS1127: Invalid character.
App.tsx(1359,17): error TS1005: ',' expected.
App.tsx(1360,1): error TS1127: Invalid character.
App.tsx(1360,17): error TS1005: ',' expected.
App.tsx(1361,1): error TS1127: Invalid character.
App.tsx(1362,1): error TS1127: Invalid character.
App.tsx(1362,17): error TS1005: ',' expected.
App.tsx(1363,1): error TS1127: Invalid character.
App.tsx(1363,17): error TS1005: ',' expected.
App.tsx(1364,1): error TS1127: Invalid character.
App.tsx(1364,17): error TS1005: ',' expected.
App.tsx(1365,1): error TS1127: Invalid character.
App.tsx(1365,17): error TS1005: ',' expected.
App.tsx(1366,1): error TS1127: Invalid character.
App.tsx(1367,1): error TS1127: Invalid character.
App.tsx(1368,1): error TS1127: Invalid character.
App.tsx(1369,1): error TS1127: Invalid character.
App.tsx(1369,2): error TS1434: Unexpected keyword or identifier.
App.tsx(1370,1): error TS1127: Invalid character.
App.tsx(1370,2): error TS1434: Unexpected keyword or identifier.
App.tsx(1371,1): error TS1127: Invalid character.
App.tsx(1371,2): error TS1434: Unexpected keyword or identifier.
App.tsx(1372,1): error TS1127: Invalid character.
App.tsx(1372,2): error TS1434: Unexpected keyword or identifier.
App.tsx(1373,1): error TS1127: Invalid character.
App.tsx(1374,1): error TS1127: Invalid character.
App.tsx(1375,1): error TS1127: Invalid character.
App.tsx(1376,1): error TS1127: Invalid character.
App.tsx(1376,2): error TS1434: Unexpected keyword or identifier.
App.tsx(1377,1): error TS1127: Invalid character.
App.tsx(1377,2): error TS1434: Unexpected keyword or identifier.
App.tsx(1378,1): error TS1127: Invalid character.
App.tsx(1378,2): error TS1434: Unexpected keyword or identifier.
App.tsx(1379,1): error TS1127: Invalid character.
App.tsx(1379,2): error TS1434: Unexpected keyword or identifier.
App.tsx(1380,1): error TS1127: Invalid character.
App.tsx(1380,17): error TS1005: ',' expected.
App.tsx(1381,1): error TS1127: Invalid character.
App.tsx(1381,17): error TS1005: ',' expected.
App.tsx(1382,1): error TS1127: Invalid character.
App.tsx(1382,17): error TS1005: ',' expected.
App.tsx(1383,1): error TS1127: Invalid character.
App.tsx(1383,17): error TS1005: ',' expected.
App.tsx(1384,1): error TS1127: Invalid character.
App.tsx(1384,17): error TS1005: ',' expected.
App.tsx(1385,1): error TS1127: Invalid character.
App.tsx(1385,17): error TS1005: ',' expected.
App.tsx(1386,1): error TS1127: Invalid character.
App.tsx(1386,17): error TS1005: ',' expected.
App.tsx(1387,1): error TS1127: Invalid character.
App.tsx(1387,17): error TS1005: ',' expected.
App.tsx(1388,1): error TS1127: Invalid character.
App.tsx(1389,1): error TS1127: Invalid character.
App.tsx(1389,2): error TS1434: Unexpected keyword or identifier.
App.tsx(1390,1): error TS1127: Invalid character.
App.tsx(1391,1): error TS1127: Invalid character.
App.tsx(1392,1): error TS1127: Invalid character.
App.tsx(1393,1): error TS1127: Invalid character.
App.tsx(1394,1): error TS1127: Invalid character.
App.tsx(1395,1): error TS1127: Invalid character.
App.tsx(1396,1): error TS1127: Invalid character.
App.tsx(1396,2): error TS1434: Unexpected keyword or identifier.
App.tsx(1397,1): error TS1127: Invalid character.
App.tsx(1397,2): error TS1434: Unexpected keyword or identifier.
App.tsx(1398,1): error TS1127: Invalid character.
App.tsx(1398,2): error TS1434: Unexpected keyword or identifier.
App.tsx(1399,1): error TS1127: Invalid character.
App.tsx(1399,2): error TS1434: Unexpected keyword or identifier.
App.tsx(1400,1): error TS1127: Invalid character.
App.tsx(1400,2): error TS1434: Unexpected keyword or identifier.
App.tsx(1401,1): error TS1127: Invalid character.
App.tsx(1402,1): error TS1127: Invalid character.
App.tsx(1403,1): error TS1127: Invalid character.
App.tsx(1404,1): error TS1127: Invalid character.
App.tsx(1404,2): error TS1434: Unexpected keyword or identifier.
App.tsx(1405,1): error TS1127: Invalid character.
App.tsx(1405,2): error TS1434: Unexpected keyword or identifier.
App.tsx(1406,1): error TS1127: Invalid character.
App.tsx(1406,2): error TS1434: Unexpected keyword or identifier.
App.tsx(1407,1): error TS1127: Invalid character.
App.tsx(1407,2): error TS1434: Unexpected keyword or identifier.
App.tsx(1408,1): error TS1127: Invalid character.
App.tsx(1408,2): error TS1434: Unexpected keyword or identifier.
App.tsx(1409,1): error TS1127: Invalid character.
App.tsx(1409,2): error TS1434: Unexpected keyword or identifier.
App.tsx(1410,1): error TS1127: Invalid character.
App.tsx(1410,2): error TS1434: Unexpected keyword or identifier.
App.tsx(1411,1): error TS1127: Invalid character.
App.tsx(1411,2): error TS1434: Unexpected keyword or identifier.
App.tsx(1411,17): error TS1128: Declaration or statement expected.
App.tsx(1412,1): error TS1127: Invalid character.
App.tsx(1412,16): error TS1005: '}' expected.
App.tsx(1413,1): error TS1127: Invalid character.
App.tsx(1413,29): error TS1003: Identifier expected.
App.tsx(1413,34): error TS1003: Identifier expected.
App.tsx(1414,1): error TS1127: Invalid character.
App.tsx(1414,2): error TS1434: Unexpected keyword or identifier.
App.tsx(1415,1): error TS1127: Invalid character.
App.tsx(1415,2): error TS1434: Unexpected keyword or identifier.
App.tsx(1416,1): error TS1127: Invalid character.
App.tsx(1416,14): error TS1109: Expression expected.
App.tsx(1417,1): error TS1127: Invalid character.
App.tsx(1417,12): error TS1109: Expression expected.
App.tsx(1418,1): error TS1127: Invalid character.
App.tsx(1418,9): error TS1109: Expression expected.
App.tsx(1419,1): error TS1127: Invalid character.
App.tsx(1419,2): error TS1434: Unexpected keyword or identifier.
App.tsx(1420,1): error TS1127: Invalid character.
App.tsx(1420,2): error TS1434: Unexpected keyword or identifier.
App.tsx(1421,1): error TS1127: Invalid character.
App.tsx(1422,1): error TS1127: Invalid character.
App.tsx(1423,1): error TS1127: Invalid character.
App.tsx(1424,1): error TS1127: Invalid character.
App.tsx(1425,1): error TS1127: Invalid character.
App.tsx(1426,1): error TS1127: Invalid character.
App.tsx(1426,2): error TS1434: Unexpected keyword or identifier.
App.tsx(1427,1): error TS1127: Invalid character.
App.tsx(1427,2): error TS1434: Unexpected keyword or identifier.
App.tsx(1428,1): error TS1127: Invalid character.
App.tsx(1429,1): error TS1127: Invalid character.
App.tsx(1430,1): error TS1127: Invalid character.
App.tsx(1431,1): error TS1127: Invalid character.
App.tsx(1432,1): error TS1127: Invalid character.
App.tsx(1433,1): error TS1127: Invalid character.
App.tsx(1434,1): error TS1127: Invalid character.
App.tsx(1435,1): error TS1127: Invalid character.
App.tsx(1436,1): error TS1127: Invalid character.
App.tsx(1436,2): error TS1434: Unexpected keyword or identifier.
App.tsx(1437,1): error TS1127: Invalid character.
App.tsx(1437,2): error TS1434: Unexpected keyword or identifier.
App.tsx(1438,1): error TS1127: Invalid character.
App.tsx(1447,10): error TS1382: Unexpected token. Did you mean `{'>'}` or `&gt;`?
App.tsx(1448,1): error TS1127: Invalid character.
App.tsx(1448,2): error TS1434: Unexpected keyword or identifier.
App.tsx(1449,1): error TS1127: Invalid character.
App.tsx(1450,1): error TS1127: Invalid character.
App.tsx(1451,1): error TS1127: Invalid character.
App.tsx(1452,1): error TS1127: Invalid character.
App.tsx(1453,1): error TS1127: Invalid character.
App.tsx(1454,1): error TS1127: Invalid character.
App.tsx(1455,1): error TS1127: Invalid character.
App.tsx(1456,1): error TS1127: Invalid character.
App.tsx(1457,1): error TS1127: Invalid character.
App.tsx(1458,1): error TS1127: Invalid character.
App.tsx(1459,1): error TS1127: Invalid character.
App.tsx(1459,2): error TS1434: Unexpected keyword or identifier.
App.tsx(1460,1): error TS1127: Invalid character.
App.tsx(1460,2): error TS1434: Unexpected keyword or identifier.
App.tsx(1461,1): error TS1127: Invalid character.
App.tsx(1461,2): error TS1434: Unexpected keyword or identifier.
App.tsx(1462,1): error TS1127: Invalid character.
App.tsx(1462,2): error TS1434: Unexpected keyword or identifier.
App.tsx(1463,1): error TS1127: Invalid character.
App.tsx(1463,2): error TS1434: Unexpected keyword or identifier.
App.tsx(1464,1): error TS1127: Invalid character.
App.tsx(1465,1): error TS1127: Invalid character.
App.tsx(1466,1): error TS1127: Invalid character.
App.tsx(1467,1): error TS1127: Invalid character.
App.tsx(1468,1): error TS1127: Invalid character.
App.tsx(1469,1): error TS1127: Invalid character.
App.tsx(1470,1): error TS1127: Invalid character.
App.tsx(1471,1): error TS1127: Invalid character.
App.tsx(1472,1): error TS1127: Invalid character.
App.tsx(1473,1): error TS1127: Invalid character.
App.tsx(1474,1): error TS1127: Invalid character.
App.tsx(1474,2): error TS1434: Unexpected keyword or identifier.
App.tsx(1475,1): error TS1127: Invalid character.
App.tsx(1475,16): error TS1005: ';' expected.
App.tsx(1476,1): error TS1127: Invalid character.
App.tsx(1477,1): error TS1127: Invalid character.
App.tsx(1477,2): error TS1434: Unexpected keyword or identifier.
App.tsx(1478,1): error TS1127: Invalid character.
App.tsx(1478,2): error TS1434: Unexpected keyword or identifier.
App.tsx(1479,1): error TS1127: Invalid character.
App.tsx(1479,2): error TS1434: Unexpected keyword or identifier.
App.tsx(1479,26): error TS1136: Property assignment expected.
App.tsx(1479,37): error TS1005: ';' expected.
App.tsx(1480,1): error TS1127: Invalid character.
App.tsx(1480,2): error TS1434: Unexpected keyword or identifier.
App.tsx(1481,1): error TS1127: Invalid character.
App.tsx(1481,2): error TS1434: Unexpected keyword or identifier.
App.tsx(1482,1): error TS1127: Invalid character.
App.tsx(1483,1): error TS1127: Invalid character.
App.tsx(1483,2): error TS1434: Unexpected keyword or identifier.
App.tsx(1483,25): error TS1136: Property assignment expected.
App.tsx(1483,26): error TS1136: Property assignment expected.
App.tsx(1483,28): error TS1136: Property assignment expected.
App.tsx(1483,31): error TS1136: Property assignment expected.
App.tsx(1484,1): error TS1127: Invalid character.
App.tsx(1484,17): error TS1005: ',' expected.
App.tsx(1484,39): error TS1359: Identifier expected. 'null' is a reserved word that cannot be used here.
App.tsx(1485,1): error TS1127: Invalid character.
App.tsx(1485,17): error TS1005: ',' expected.
App.tsx(1485,32): error TS1003: Identifier expected.
App.tsx(1486,1): error TS1127: Invalid character.
App.tsx(1486,16): error TS1109: Expression expected.
App.tsx(1487,1): error TS1127: Invalid character.
App.tsx(1487,14): error TS1109: Expression expected.
App.tsx(1488,1): error TS1127: Invalid character.
App.tsx(1488,2): error TS1434: Unexpected keyword or identifier.
App.tsx(1488,11): error TS1109: Expression expected.
App.tsx(1489,1): error TS1127: Invalid character.
App.tsx(1489,2): error TS1434: Unexpected keyword or identifier.
App.tsx(1489,9): error TS1109: Expression expected.
App.tsx(1489,10): error TS1109: Expression expected.
App.tsx(1490,1): error TS1127: Invalid character.
App.tsx(1490,2): error TS1434: Unexpected keyword or identifier.
App.tsx(1491,1): error TS1127: Invalid character.
App.tsx(1491,2): error TS1434: Unexpected keyword or identifier.
App.tsx(1492,1): error TS1127: Invalid character.
App.tsx(1492,2): error TS1434: Unexpected keyword or identifier.
App.tsx(1493,1): error TS1127: Invalid character.
App.tsx(1493,2): error TS1434: Unexpected keyword or identifier.
App.tsx(1494,1): error TS1127: Invalid character.
App.tsx(1494,13): error TS1005: ',' expected.
App.tsx(1495,1): error TS1127: Invalid character.
App.tsx(1495,13): error TS1005: ',' expected.
App.tsx(1496,1): error TS1127: Invalid character.
App.tsx(1496,13): error TS1005: ',' expected.
App.tsx(1497,1): error TS1127: Invalid character.
App.tsx(1497,13): error TS1005: ',' expected.
App.tsx(1498,1): error TS1127: Invalid character.
App.tsx(1499,1): error TS1127: Invalid character.
App.tsx(1499,2): error TS1434: Unexpected keyword or identifier.
App.tsx(1500,1): error TS1127: Invalid character.
App.tsx(1501,1): error TS1127: Invalid character.
App.tsx(1502,1): error TS1127: Invalid character.
App.tsx(1502,2): error TS1434: Unexpected keyword or identifier.
App.tsx(1503,1): error TS1127: Invalid character.
App.tsx(1503,2): error TS1434: Unexpected keyword or identifier.
App.tsx(1504,1): error TS1127: Invalid character.
App.tsx(1505,1): error TS1127: Invalid character.
App.tsx(1505,2): error TS1434: Unexpected keyword or identifier.
App.tsx(1505,22): error TS1136: Property assignment expected.
App.tsx(1505,25): error TS1005: ';' expected.
App.tsx(1506,1): error TS1127: Invalid character.
App.tsx(1506,2): error TS1434: Unexpected keyword or identifier.
App.tsx(1507,1): error TS1127: Invalid character.
App.tsx(1507,2): error TS1434: Unexpected keyword or identifier.
App.tsx(1508,1): error TS1127: Invalid character.
App.tsx(1509,1): error TS1127: Invalid character.
App.tsx(1510,1): error TS1127: Invalid character.
App.tsx(1510,2): error TS1434: Unexpected keyword or identifier.
App.tsx(1511,1): error TS1127: Invalid character.
App.tsx(1511,2): error TS1434: Unexpected keyword or identifier.
App.tsx(1512,1): error TS1127: Invalid character.
App.tsx(1513,1): error TS1127: Invalid character.
App.tsx(1513,24): error TS1005: ';' expected.
App.tsx(1513,32): error TS1005: ':' expected.
App.tsx(1513,34): error TS1005: ';' expected.
App.tsx(1513,135): error TS1109: Expression expected.
App.tsx(1514,1): error TS1127: Invalid character.
App.tsx(1514,2): error TS1434: Unexpected keyword or identifier.
App.tsx(1514,11): error TS1109: Expression expected.
App.tsx(1515,1): error TS1127: Invalid character.
App.tsx(1515,2): error TS1434: Unexpected keyword or identifier.
App.tsx(1515,9): error TS1109: Expression expected.
App.tsx(1515,10): error TS1109: Expression expected.
App.tsx(1516,1): error TS1127: Invalid character.
App.tsx(1517,1): error TS1127: Invalid character.
App.tsx(1517,2): error TS1434: Unexpected keyword or identifier.
App.tsx(1518,1): error TS1127: Invalid character.
App.tsx(1518,14): error TS1005: ';' expected.
App.tsx(1519,1): error TS1127: Invalid character.
App.tsx(1519,2): error TS1434: Unexpected keyword or identifier.
App.tsx(1520,1): error TS1127: Invalid character.
App.tsx(1520,18): error TS1005: ';' expected.
App.tsx(1520,118): error TS1005: ';' expected.
App.tsx(1520,134): error TS1109: Expression expected.
App.tsx(1521,1): error TS1127: Invalid character.
App.tsx(1521,2): error TS1434: Unexpected keyword or identifier.
App.tsx(1521,11): error TS1128: Declaration or statement expected.
App.tsx(1522,1): error TS1127: Invalid character.
App.tsx(1522,2): error TS1434: Unexpected keyword or identifier.
App.tsx(1523,1): error TS1127: Invalid character.
App.tsx(1523,18): error TS1005: ';' expected.
App.tsx(1523,77): error TS1005: ';' expected.
App.tsx(1523,94): error TS1109: Expression expected.
App.tsx(1524,1): error TS1127: Invalid character.
App.tsx(1524,2): error TS1434: Unexpected keyword or identifier.
App.tsx(1524,11): error TS1128: Declaration or statement expected.
App.tsx(1525,1): error TS1127: Invalid character.
App.tsx(1525,17): error TS1005: ';' expected.
App.tsx(1525,84): error TS1005: ';' expected.
App.tsx(1526,1): error TS1127: Invalid character.
App.tsx(1526,2): error TS1434: Unexpected keyword or identifier.
App.tsx(1526,9): error TS1109: Expression expected.
App.tsx(1527,1): error TS1127: Invalid character.
App.tsx(1528,1): error TS1127: Invalid character.
App.tsx(1528,2): error TS1434: Unexpected keyword or identifier.
App.tsx(1529,1): error TS1127: Invalid character.
App.tsx(1530,1): error TS1127: Invalid character.
App.tsx(1530,2): error TS1434: Unexpected keyword or identifier.
App.tsx(1530,22): error TS1005: ',' expected.
App.tsx(1531,1): error TS1127: Invalid character.
App.tsx(1531,2): error TS1434: Unexpected keyword or identifier.
App.tsx(1531,22): error TS1005: ',' expected.
App.tsx(1532,1): error TS1127: Invalid character.
App.tsx(1532,2): error TS1434: Unexpected keyword or identifier.
App.tsx(1532,29): error TS1005: ',' expected.
App.tsx(1533,1): error TS1127: Invalid character.
App.tsx(1533,2): error TS1434: Unexpected keyword or identifier.
App.tsx(1533,25): error TS1005: ',' expected.
App.tsx(1534,1): error TS1127: Invalid character.
App.tsx(1534,2): error TS1434: Unexpected keyword or identifier.
App.tsx(1534,24): error TS1005: ',' expected.
App.tsx(1535,1): error TS1127: Invalid character.
App.tsx(1535,10): error TS1109: Expression expected.
App.tsx(1536,1): error TS1127: Invalid character.
App.tsx(1537,1): error TS1127: Invalid character.
App.tsx(1537,2): error TS1434: Unexpected keyword or identifier.
App.tsx(1537,7): error TS1109: Expression expected.
App.tsx(1538,1): error TS1127: Invalid character.
App.tsx(1538,2): error TS1434: Unexpected keyword or identifier.
App.tsx(1538,5): error TS1109: Expression expected.
App.tsx(1539,1): error TS1127: Invalid character.
App.tsx(1539,3): error TS1109: Expression expected.
App.tsx(1540,1): error TS1127: Invalid character.
App.tsx(1541,1): error TS1127: Invalid character.
App.tsx(1541,2): error TS1435: Unknown keyword or identifier. Did you mean 'export'?
App.tsx(1541,10): error TS1109: Expression expected.
App.tsx(1542,1): error TS1127: Invalid character.
